E/mm-camera(  305): config_proc_CAMERA_GET_PARM_VERTICAL_VIEW_ANGLE Vertical view angle of the sensor = 48.299999 
E/QCameraHWI_Parm(  316): Parameter Video HDR is supported for this sensor
E/QCameraHWI_Parm(  316): setVideoHDR: setting Video HDR value of off 0 0
E/QCameraHWI_Parm(  316): set parms : type : 105 Value : 0
E/mm-camera(  305): config_proc_CAMERA_SET_VIDEO_HDR: 0 0
E/mm-camera(  305): config_proc_CAMERA_SET_VIDEO_HDR: Video HDR Enabled? : No 
E/QCameraHWI_Parm(  316): setChannelInterfaceMask: E :0
E/mm-camera(  305): ispif_client_set_params: parm type =0
E/mm-camera(  305): ispif_parse_handle: handle = 0x100, client_idx = 0
E/mm-camera(  305): sensor_client_get_params sensor_csi_params = 0xb7ca0368
E/mm-camera(  305): ispif_client_set_params: channel stream mask 1
E/mm-camera(  305): ispif_client_process: event type =3
E/mm-camera(  305): ispif_parse_handle: handle = 0x100, client_idx = 0
E/mm-camera(  305): ispif_process_cfg called
E/mm-camera(  305): ispif_client_get_params: parm type =1
E/mm-camera(  305): ispif_parse_handle: handle = 0x100, client_idx = 0
E/mm-camera(  305): config_proc_CAMERA_SET_CHANNEL_STREAM rc = 0, status = 1
E/mm-camera(  305): config_proc_CAMERA_GET_CHANNEL_STREAM Channel stream info = 0 
E/QCameraHWI_Parm(  316): Enable Normal Power Mode
E/QCameraHWI_Parm(  316): set parms : type : 81 Value : 0
E/mm-camera(  305): config_proc_CAMERA_SET_LOW_POWER_MODE Low power mode enabled? : No 
E/QCameraHWI_Parm(  316): ################requested preview size 640 x 480
E/QCameraHWI_Parm(  316): setPreviewSize:  width: 640   heigh: 480
E/QCameraHWI_Parm(  316): android::status_t android::QCameraHardwareInterface::setMovieSolid(const android::QCameraParameters&)
E/QCameraHWI_Parm(  316): Invalid movie solid value: NULL
E/QCameraHWI_Parm(  316): android::status_t android::QCameraHardwareInterface::setVideoSize(const android::QCameraParameters&): E
E/QCameraHWI_Parm(  316): android::status_t android::QCameraHardwareInterface::setVideoSize(const android::QCameraParameters&): preview dimensions: 640x480
E/QCameraHWI_Parm(  316): android::status_t android::QCameraHardwareInterface::setVideoSize(const android::QCameraParameters&): video dimensions: 1920x1088
E/QCameraHWI_Parm(  316): android::status_t android::QCameraHardwareInterface::setVideoSize(const android::QCameraParameters&): X
E/QCameraHWI_Parm(  316): QualcommCameraHardware::setPictureSize E
E/QCameraHWI_Parm(  316): requested picture size 640 x 480
E/QCameraHWI_Parm(  316): requested jpeg thumbnail size 512 x 384
E/QCameraHWI_Parm(  316): setJpegQuality E
E/QCameraHWI_Parm(  316): setJpegQuality X
E/QCameraHWI_Parm(  316): android::status_t android::QCameraHardwareInterface::setEffect(const android::QCameraParameters&)
E/QCameraHWI_Parm(  316): Setting effect none
E/QCameraHWI_Parm(  316): Setting effect to lower HAL : 0
E/QCameraHWI_Parm(  316): native_set_parms: succeeded : 0
E/QCameraHWI_Parm(  316): setGpsLocation X
E/QCameraHWI_Parm(  316): setRotation
E/QCameraHWI_Parm(  316): android::status_t android::QCameraHardwareInterface::setZoom(const android::QCameraParameters&): E
E/QCameraHWI_Parm(  316): set parms : type : 26 Value : 0
E/QCameraHWI_Parm(  316): android::status_t android::QCameraHardwareInterface::setZoom(const android::QCameraParameters&) X
E/QCameraHWI_Parm(  316): set parms : type : 16 Value : 33025
E/QCameraHWI_Parm(  316): android::status_t android::QCameraHardwareInterface::setMCEValue(const android::QCameraParameters&)
E/QCameraHWI_Parm(  316): set parms : type : 46 Value : 1
E/QCameraHWI_Parm(  316): android::status_t android::QCameraHardwareInterface::setSharpness(const android::QCameraParameters&)
E/QCameraHWI_Parm(  316): set parms : type : 9 Value : 10
E/QCameraHWI_Parm(  316): android::status_t android::QCameraHardwareInterface::setSaturation(const android::QCameraParameters&)
E/QCameraHWI_Parm(  316): native_set_parms: succeeded : 0
E/QCameraHWI_Parm(  316): android::status_t android::QCameraHardwareInterface::setSceneMode(const android::QCameraParameters&)
E/QCameraHWI_Parm(  316): Scene Mode string : auto
E/QCameraHWI_Parm(  316): Setting Scenemode value = 0
E/QCameraHWI_Parm(  316): set parms : type : 25 Value : 0
E/QCameraHWI_Parm(  316): android::status_t android::QCameraHardwareInterface::setSceneDetect(const android::QCameraParameters&)
E/QCameraHWI_Parm(  316): Scene Detect string : off
E/QCameraHWI_Parm(  316): Scenedetect Value : 0
E/QCameraHWI_Parm(  316): set parms : type : 72 Value : 0
E/QCameraHWI_Parm(  316): android::status_t android::QCameraHardwareInterface::setContrast(const android::QCameraParameters&) E
E/QCameraHWI_Parm(  316): Contrast : auto
E/QCameraHWI_Parm(  316): Calling Contrast set on Lower layer
E/QCameraHWI_Parm(  316): set parms : type : 10 Value : 5
E/QCameraHWI_Parm(  316): Lower layer returned 1
E/QCameraHWI_Parm(  316): setFaceDetect: off
E/QCameraHWI_Parm(  316): android::status_t android::QCameraHardwareInterface::setFaceDetect(const android::QCameraParameters&) Face detection value = 0, num_fd = 2
E/QCameraHWI_Parm(  316): set parms : type : 30 Value : 0
E/QCameraHWI_Parm(  316): set parms : type : 54 Value : 1
E/QCameraHWI_Parm(  316): android::status_t android::QCameraHardwareInterface::setSkinToneEnhancement(const android::QCameraParameters&)
E/QCameraHWI_Parm(  316): android::status_t android::QCameraHardwareInterface::setSkinBeautification(const android::QCameraParameters&)
E/QCameraHWI_Parm(  316): android::status_t android::QCameraHardwareInterface::setWaveletDenoise(const android::QCameraParameters&)
E/QCameraHWI_Parm(  316): android::status_t android::QCameraHardwareInterface::setAntibanding(const android::QCameraParameters&)
E/QCameraHWI_Parm(  316): Antibanding Value : 0
E/QCameraHWI_Parm(  316): native_set_parms: succeeded : 0
E/QCameraHWI_Parm(  316): set parms : type : 50 Value : 855766272
E/QCameraHWI_Parm(  316): set parms : type : 68 Value : 0
E/QCameraHWI_Parm(  316): android::status_t android::QCameraHardwareInterface::setPreviewFpsRange(const android::QCameraParameters&): Existing FpsRange Values:(10000, 25000)
E/QCameraHWI_Parm(  316): android::status_t android::QCameraHardwareInterface::setPreviewFpsRange(const android::QCameraParameters&): Requested FpsRange Values:(10000, 25000)
E/QCameraHWI_Parm(  316): FPS: i=0 : minFps = 10000, maxFps = 25000 
E/QCameraHWI_Parm(  316): android::status_t android::QCameraHardwareInterface::setPreviewFpsRange(const android::QCameraParameters&) FPS_MODE = frame-rate-auto
E/QCameraHWI_Parm(  316): set parms : type : 5 Value : 0
E/QCameraHWI_Parm(  316): set parms : type : 4 Value : 655385
E/QCameraHWI_Parm(  316): set parms : type : 76 Value : 0
E/mm-camera(  305): config_proc_CAMERA_SET_DIS_ENABLE: DIS Enabled? : No 
E/QCameraHWI_Parm(  316): set parms : type : 75 Value : 0
E/mm-camera(  305): config_proc_CAMERA_SET_FULL_LIVESHOT rc = 1, status = 1, Full Liveshot enabled? : No 
E/QCameraHWI_Parm(  316): set parms : type : 64 Value : 1
E/QCameraHWI_Parm(  316): set parms : type : 77 Value : 0
E/QCameraHWI_Parm(  316): set parms : type : 78 Value : 0
E/QCameraHWI_Parm(  316): android::status_t android::QCameraHardwareInterface::setPreviewFrameRate(const android::QCameraParameters&): E
E/QCameraHWI_Parm(  316): android::status_t android::QCameraHardwareInterface::setPreviewFrameRate(const android::QCameraParameters&): X
E/QCameraHWI_Parm(  316): android::status_t android::QCameraHardwareInterface::setAutoExposure(const android::QCameraParameters&)
E/QCameraHWI_Parm(  316): set parms : type : 8 Value : 0
E/QCameraHWI_Parm(  316): android::status_t android::QCameraHardwareInterface::setExposureCompensation(const android::QCameraParameters&)
E/QCameraHWI_Parm(  316): set parms : type : 7 Value : 6
E/QCameraHWI_Parm(  316): android::status_t android::QCameraHardwareInterface::setWhiteBalance(const android::QCameraParameters&)
E/QCameraHWI_Parm(  316): native_set_parms: succeeded : 0
E/QCameraHWI_Parm(  316): set parms : type : 14 Value : 0
E/QCameraHWI_Parm(  316): android::status_t android::QCameraHardwareInterface::setFocusMode(const android::QCameraParameters&)
E/QCameraHWI_Parm(  316): Focus mode auto
E/QCameraHWI_Parm(  316): updateFocusDistances: setting KEY_FOCUS_DISTANCES as 0.882056,1.246456,2.123891
E/QCameraHWI_Parm(  316): set parms : type : 96 Value : 2
E/QCameraHWI_Parm(  316): Continuous Auto Focus 0
E/QCameraHWI_Parm(  316): set parms : type : 17 Value : 0
E/QCameraHWI_Parm(  316): android::status_t android::QCameraHardwareInterface::setBrightness(const android::QCameraParameters&)
E/QCameraHWI_Parm(  316): set parms : type : 12 Value : 3
E/QCameraHWI_Parm(  316): android::status_t android::QCameraHardwareInterface::setISOValue(const android::QCameraParameters&)
E/QCameraHWI_Parm(  316): ISO string : auto
E/QCameraHWI_Parm(  316): ISO Value : 0
E/QCameraHWI_Parm(  316): set parms : type : 22 Value : 0
E/QCameraHWI_Parm(  316): android::status_t android::QCameraHardwareInterface::setFocusAreas(const android::QCameraParameters&): E
E/QCameraHWI_Parm(  316): android::status_t android::QCameraHardwareInterface::setMeteringAreas(const android::QCameraParameters&): E
E/QCameraHWI_Parm(  316): MeteringArea[0] = (0, 0, 0, 0, 0)
E/QCameraHWI_Parm(  316): android::status_t android::QCameraHardwareInterface::setSelectableZoneAf(const android::QCameraParameters&)
E/QCameraHWI_Parm(  316): set parms : type : 18 Value : 1
E/QCameraHWI_Parm(  316): set parms : type : 49 Value : 1
E/mm-camera(  305): config_proc_CAMERA_SET_PARM_HFR: HFR 1
E/QCameraHWI(  316): Mymode Preview = 5
E/QCameraHWI_Preview(  316): android::QCameraStream_preview::QCameraStream_preview(int, camera_mode_t): E
E/QCameraHWI_Preview(  316): android::QCameraStream_preview::QCameraStream_preview(int, camera_mode_t): X
E/mm-libcamera2(  316): mm_camera_ch_util_reg_buf_cb: Trying to register
E/mm-libcamera2(  316): mm_camera_ch_util_reg_buf_cb: Done register
E/QCameraHWI(  316): Mymode Record = 5
E/mm-libcamera2(  316): mm_camera_ch_util_reg_buf_cb: Trying to register
E/mm-libcamera2(  316): mm_camera_ch_util_reg_buf_cb: Done register
E/QCameraHWI(  316): Mymode Snap = 5
E/QCameraHWI(  316): Mymode Preview = 5
E/QCameraHWI_Rdi(  316): android::QCameraStream_Rdi::QCameraStream_Rdi(int, camera_mode_t): E
E/QCameraHWI_Rdi(  316): android::QCameraStream_Rdi::QCameraStream_Rdi(int, camera_mode_t): X
E/mm-libcamera2(  316): mm_camera_ch_util_reg_buf_cb: Trying to register
E/mm-libcamera2(  316): mm_camera_ch_util_reg_buf_cb: Done register
E/MmsService( 1422): MmsConfigManager.load -- empty getActiveSubInfoList
E/QCameraHWI(  316): isCameraReady mCameraState 1
E/QualcommCamera(  316): int android::camera_device_open(const hw_module_t*, char const*, hw_device_t**):  end rc 0
E/QualcommCamera(  316): Qvoid android::set_CallBacks(camera_device*, camera_notify_callback, camera_data_callback, camera_data_timestamp_callback, camera_request_memory, void*): E
E/QCameraHWI(  316): setCallbacks: E
E/QualcommCamera(  316): Qchar* android::get_parameters(camera_device*): E
E/QualcommCamera(  316): Qvoid android::put_parameters(camera_device*, char*): E
E/QualcommCamera(  316): Qvoid android::stop_preview(camera_device*): E
E/QualcommCamera(  316): Qint android::cancel_picture(camera_device*): E
E/QualcommCamera(  316): Qvoid android::release(camera_device*): E
E/QualcommCamera(  316): Qint android::close_camera_device(hw_device_t*): device =0xb787cc20 E
E/mm-camera(  305): config_shutdown_pp Camera not in streaming mode. Returning. 
E/mm-camera(  305): ispif_client_process: event type =7
E/mm-camera(  305): ispif_parse_handle: handle = 0x100, client_idx = 0
E/mm-camera(  305): ispif_process_release called
E/mm-camera(  305): ispif_client_destroy: handle = 0x100
E/mm-camera(  305): ispif_parse_handle: handle = 0x100, client_idx = 0
E/QCameraHWI_Preview(  316): virtual void android::QCameraStream_preview::release() : BEGIN
E/QCameraHWI_Preview(  316): : virtual void android::QCameraStream_preview::release() : De init Channel
E/QCameraHWI_Preview(  316): virtual void android::QCameraStream_preview::release(): END
E/QCameraHWI_Rdi(  316): virtual void android::QCameraStream_Rdi::release() : BEGIN
E/QCameraHWI_Rdi(  316): : virtual void android::QCameraStream_Rdi::release() : De init Channel
E/QCameraHWI_Rdi(  316): virtual void android::QCameraStream_Rdi::release(): END
E/QualcommCamera(  316): Qint android::get_camera_info(int, camera_info*): E
E/QualcommCamera(  316): Qint android::get_camera_info(int, camera_info*): E
E/PhoneInterfaceManager( 1422): [PhoneIntfMgr] getIccId: ICC ID is null or empty.
E/QualcommCamera(  316): Qint android::get_camera_info(int, camera_info*): E
E/mm-camera(  305): AWB CALI rg:0x0000, bg:0000 rb:0000
E/MediaPlayer-JNI( 1864): QCMediaPlayer mediaplayer NOT present
E/mm-camera(  305): sensor_load_chromatix: libchromatix_ov2722_preview.so: 30
E/mm-libcamera2(  316): mm_camera_open:  ctrl_fd = 33
E/mm-libcamera2(  316): Errno:0
E/mm-libcamera2(  316): mm_camera_open:  opened, break out while loop
E/mm-libcamera2(  316): mm_camera_open:  after while loop
E/mm-libcamera2(  316): mm_camera_open:  2
E/mm-libcamera2(  316): mm_camera_open:  ds_fd = 35
E/mm-libcamera2(  316): Errno:0
E/mm-libcamera2(  316): mm_camera_open:  opened, break out while loop
E/mm-libcamera2(  316): mm_camera_open:  after while loop for domain socket open
E/mm-libcamera2(  316): mm_camera_poll_thread_launch: ch_type = 0, poll_type = 1, read fd = 36, write fd = 37
E/mm-libcamera2(  316): mm_camera_poll_thread_launch: ch_type = 1, poll_type = 1, read fd = 38, write fd = 39
E/mm-libcamera2(  316): mm_camera_poll_thread_launch: ch_type = 2, poll_type = 1, read fd = 40, write fd = 41
E/mm-libcamera2(  316): mm_camera_poll_thread_launch: ch_type = 3, poll_type = 1, read fd = 42, write fd = 43
E/mm-libcamera2(  316): mm_camera_poll_thread_launch: ch_type = 4, poll_type = 1, read fd = 44, write fd = 45
E/mm-libcamera2(  316): mm_camera_poll_thread_launch: ch_type = 5, poll_type = 0, read fd = 46, write fd = 47
E/QCameraHWI_Parm(  316): void android::QCameraHardwareInterface::loadTables(): E
E/QCameraHWI_Parm(  316): void android::QCameraHardwareInterface::loadTables(): X
E/QCameraHWI_Parm(  316): android::status_t android::QCameraHardwareInterface::setVideoSizeTable(): E
E/QCameraHWI_Parm(  316): android::status_t android::QCameraHardwareInterface::setVideoSizeTable(): X
E/QCameraHWI_Parm(  316): set parms : type : 3 Value : 71305088
E/mm-camera(  305): ISPIF_client_open: client_idx = 0, handle = 0x200
E/mm-camera(  305): ispif_parse_handle: handle = 0x200, client_idx = 0
E/mm-camera(  305): ispif_client_init ops->fd = 15
E/mm-camera(  305): ispif_client_set_params: parm type =8
E/mm-camera(  305): ispif_parse_handle: handle = 0x200, client_idx = 0
E/mm-camera(  305): ispif_client_set_params: parm type =0
E/mm-camera(  305): ispif_parse_handle: handle = 0x200, client_idx = 0
E/mm-camera(  305): sensor_client_get_params sensor_csi_params = 0xb7ca0008
E/mm-camera(  305): ispif_client_set_params: channel stream mask 0
E/mm-camera(  305): ispif_client_process: event type =2
E/mm-camera(  305): ispif_parse_handle: handle = 0x200, client_idx = 0
E/mm-camera(  305): ispif_process_init called
E/mm-camera(  305): ispif_process_init csid_version = 2000011
E/mm-camera(  305): ispif_client_process: event type =3
E/mm-camera(  305): ispif_parse_handle: handle = 0x200, client_idx = 0
E/mm-camera(  305): ispif_process_cfg called
E/mm-camera(  305): ispif_client_get_params: parm type =1
E/mm-camera(  305): ispif_parse_handle: handle = 0x200, client_idx = 0
E/mm-camera(  305): mctl_init_stats_proc_info: snap_max_line_cnt =26880
E/QCameraHWI_Parm(  316): AutoFocus is not supported
E/QCameraHWI_Parm(  316): max sensor fps range after correction = (0.000000, -0.000000)
E/QCameraHWI_Parm(  316): Max Zoom:60
E/QCameraHWI_Parm(  316): Zoom supported:1
E/QCameraHWI_Parm(  316): max zoom is 59
E/mm-camera(  305): config_proc_CAMERA_GET_PARM_FOCAL_LENGTH Focal length of the sensor = 2.930000 
E/mm-camera(  305): config_proc_CAMERA_GET_PARM_HORIZONTAL_VIEW_ANGLE Horizontal view angle of the sensor = 54.799999 
E/mm-camera(  305): config_proc_CAMERA_GET_PARM_VERTICAL_VIEW_ANGLE Vertical view angle of the sensor = 42.500000 
E/QCameraHWI_Parm(  316): Parameter Video HDR is not supported for this sensor
E/QCameraHWI_Parm(  316): setChannelInterfaceMask: E :0
E/mm-camera(  305): ispif_client_set_params: parm type =0
E/mm-camera(  305): ispif_parse_handle: handle = 0x200, client_idx = 0
E/mm-camera(  305): sensor_client_get_params sensor_csi_params = 0xb7ca0008
E/mm-camera(  305): ispif_client_set_params: channel stream mask 1
E/mm-camera(  305): ispif_client_process: event type =3
E/mm-camera(  305): ispif_parse_handle: handle = 0x200, client_idx = 0
E/mm-camera(  305): ispif_process_cfg called
E/mm-camera(  305): ispif_client_get_params: parm type =1
E/mm-camera(  305): ispif_parse_handle: handle = 0x200, client_idx = 0
E/mm-camera(  305): config_proc_CAMERA_SET_CHANNEL_STREAM rc = 0, status = 1
E/mm-camera(  305): config_proc_CAMERA_GET_CHANNEL_STREAM Channel stream info = 0 
E/QCameraHWI_Parm(  316): Enable Normal Power Mode
E/QCameraHWI_Parm(  316): set parms : type : 81 Value : 0
E/mm-camera(  305): config_proc_CAMERA_SET_LOW_POWER_MODE Low power mode enabled? : No 
E/QCameraHWI_Parm(  316): ################requested preview size 640 x 480
E/QCameraHWI_Parm(  316): setPreviewSize:  width: 640   heigh: 480
E/QCameraHWI_Parm(  316): android::status_t android::QCameraHardwareInterface::setMovieSolid(const android::QCameraParameters&)
E/QCameraHWI_Parm(  316): Invalid movie solid value: NULL
E/QCameraHWI_Parm(  316): android::status_t android::QCameraHardwareInterface::setVideoSize(const android::QCameraParameters&): E
E/QCameraHWI_Parm(  316): android::status_t android::QCameraHardwareInterface::setVideoSize(const android::QCameraParameters&): preview dimensions: 640x480
E/QCameraHWI_Parm(  316): android::status_t android::QCameraHardwareInterface::setVideoSize(const android::QCameraParameters&): video dimensions: 1920x1088
E/QCameraHWI_Parm(  316): android::status_t android::QCameraHardwareInterface::setVideoSize(const android::QCameraParameters&): X
E/QCameraHWI_Parm(  316): QualcommCameraHardware::setPictureSize E
E/QCameraHWI_Parm(  316): requested picture size 640 x 480
E/QCameraHWI_Parm(  316): requested jpeg thumbnail size 512 x 384
E/QCameraHWI_Parm(  316): setJpegQuality E
E/QCameraHWI_Parm(  316): setJpegQuality X
E/QCameraHWI_Parm(  316): android::status_t android::QCameraHardwareInterface::setEffect(const android::QCameraParameters&)
E/QCameraHWI_Parm(  316): Setting effect none
E/QCameraHWI_Parm(  316): Setting effect to lower HAL : 0
E/QCameraHWI_Parm(  316): native_set_parms: succeeded : 0
E/QCameraHWI_Parm(  316): setGpsLocation X
E/QCameraHWI_Parm(  316): setRotation
E/QCameraHWI_Parm(  316): android::status_t android::QCameraHardwareInterface::setZoom(const android::QCameraParameters&): E
E/QCameraHWI_Parm(  316): set parms : type : 26 Value : 0
E/QCameraHWI_Parm(  316): android::status_t android::QCameraHardwareInterface::setZoom(const android::QCameraParameters&) X
E/QCameraHWI_Parm(  316): set parms : type : 16 Value : 33537
E/QCameraHWI_Parm(  316): android::status_t android::QCameraHardwareInterface::setMCEValue(const android::QCameraParameters&)
E/QCameraHWI_Parm(  316): set parms : type : 46 Value : 1
E/QCameraHWI_Parm(  316): android::status_t android::QCameraHardwareInterface::setSharpness(const android::QCameraParameters&)
E/QCameraHWI_Parm(  316): set parms : type : 9 Value : 10
E/QCameraHWI_Parm(  316): android::status_t android::QCameraHardwareInterface::setSaturation(const android::QCameraParameters&)
E/QCameraHWI_Parm(  316): native_set_parms: succeeded : 0
E/QCameraHWI_Parm(  316): android::status_t android::QCameraHardwareInterface::setSceneMode(const android::QCameraParameters&)
E/QCameraHWI_Parm(  316): Scene Mode string : auto
E/QCameraHWI_Parm(  316): Setting Scenemode value = 0
E/QCameraHWI_Parm(  316): set parms : type : 25 Value : 0
E/QCameraHWI_Parm(  316): android::status_t android::QCameraHardwareInterface::setSceneDetect(const android::QCameraParameters&)
E/QCameraHWI_Parm(  316): Scene Detect string : off
E/QCameraHWI_Parm(  316): Scenedetect Value : 0
E/QCameraHWI_Parm(  316): set parms : type : 72 Value : 0
E/QCameraHWI_Parm(  316): android::status_t android::QCameraHardwareInterface::setContrast(const android::QCameraParameters&) E
E/QCameraHWI_Parm(  316): Contrast : auto
E/QCameraHWI_Parm(  316): Calling Contrast set on Lower layer
E/QCameraHWI_Parm(  316): set parms : type : 10 Value : 5
E/QCameraHWI_Parm(  316): Lower layer returned 1
E/QCameraHWI_Parm(  316): setFaceDetect: off
E/QCameraHWI_Parm(  316): android::status_t android::QCameraHardwareInterface::setFaceDetect(const android::QCameraParameters&) Face detection value = 0, num_fd = 2
E/QCameraHWI_Parm(  316): set parms : type : 30 Value : 0
E/QCameraHWI_Parm(  316): set parms : type : 54 Value : 1
E/QCameraHWI_Parm(  316): android::status_t android::QCameraHardwareInterface::setSkinToneEnhancement(const android::QCameraParameters&)
E/QCameraHWI_Parm(  316): android::status_t android::QCameraHardwareInterface::setSkinBeautification(const android::QCameraParameters&)
E/QCameraHWI_Parm(  316): android::status_t android::QCameraHardwareInterface::setWaveletDenoise(const android::QCameraParameters&)
E/QCameraHWI_Parm(  316): android::status_t android::QCameraHardwareInterface::setAntibanding(const android::QCameraParameters&)
E/QCameraHWI_Parm(  316): Antibanding Value : 0
E/QCameraHWI_Parm(  316): native_set_parms: succeeded : 0
E/QCameraHWI_Parm(  316): set parms : type : 50 Value : 855766272
E/QCameraHWI_Parm(  316): set parms : type : 68 Value : 0
E/QCameraHWI_Parm(  316): android::status_t android::QCameraHardwareInterface::setPreviewFpsRange(const android::QCameraParameters&): Existing FpsRange Values:(10000, 25000)
E/QCameraHWI_Parm(  316): android::status_t android::QCameraHardwareInterface::setPreviewFpsRange(const android::QCameraParameters&): Requested FpsRange Values:(10000, 25000)
E/QCameraHWI_Parm(  316): FPS: i=0 : minFps = 10000, maxFps = 25000 
E/QCameraHWI_Parm(  316): android::status_t android::QCameraHardwareInterface::setPreviewFpsRange(const android::QCameraParameters&) FPS_MODE = frame-rate-auto
E/QCameraHWI_Parm(  316): set parms : type : 5 Value : 0
E/QCameraHWI_Parm(  316): set parms : type : 4 Value : 655385
E/QCameraHWI_Parm(  316): set parms : type : 76 Value : 0
E/mm-camera(  305): config_proc_CAMERA_SET_DIS_ENABLE: DIS Enabled? : No 
E/QCameraHWI_Parm(  316): set parms : type : 75 Value : 0
E/mm-camera(  305): config_proc_CAMERA_SET_FULL_LIVESHOT rc = 1, status = 1, Full Liveshot enabled? : No 
E/QCameraHWI_Parm(  316): set parms : type : 64 Value : 1
E/QCameraHWI_Parm(  316): set parms : type : 77 Value : 0
E/QCameraHWI_Parm(  316): set parms : type : 78 Value : 0
E/QCameraHWI_Parm(  316): android::status_t android::QCameraHardwareInterface::setPreviewFrameRate(const android::QCameraParameters&): E
E/QCameraHWI_Parm(  316): android::status_t android::QCameraHardwareInterface::setPreviewFrameRate(const android::QCameraParameters&): X
E/QCameraHWI_Parm(  316): android::status_t android::QCameraHardwareInterface::setAutoExposure(const android::QCameraParameters&)
E/QCameraHWI_Parm(  316): set parms : type : 8 Value : 0
E/SafeApplication( 1885): SafeApplication.attachBaseContext() + time = 11
E/QCameraHWI_Parm(  316): android::status_t android::QCameraHardwareInterface::setExposureCompensation(const android::QCameraParameters&)
E/QCameraHWI_Parm(  316): set parms : type : 7 Value : 6
E/QCameraHWI_Parm(  316): android::status_t android::QCameraHardwareInterface::setWhiteBalance(const android::QCameraParameters&)
E/QCameraHWI_Parm(  316): native_set_parms: succeeded : 0
E/QCameraHWI_Parm(  316): android::status_t android::QCameraHardwareInterface::setFlash(const android::QCameraParameters&):LED FLASH not supported
E/QCameraHWI_Parm(  316): android::status_t android::QCameraHardwareInterface::setFocusMode(const android::QCameraParameters&)
E/QCameraHWI_Parm(  316): Focus mode auto
E/QCameraHWI_Parm(  316): updateFocusDistances: setting KEY_FOCUS_DISTANCES as 0.100000,0.150000,0.170000
E/QCameraHWI_Parm(  316): set parms : type : 96 Value : 2
E/QCameraHWI_Parm(  316): Continuous Auto Focus 0
E/QCameraHWI_Parm(  316): set parms : type : 17 Value : 0
E/QCameraHWI_Parm(  316): android::status_t android::QCameraHardwareInterface::setBrightness(const android::QCameraParameters&)
E/QCameraHWI_Parm(  316): set parms : type : 12 Value : 3
E/QCameraHWI_Parm(  316): android::status_t android::QCameraHardwareInterface::setISOValue(const android::QCameraParameters&)
E/QCameraHWI_Parm(  316): ISO string : auto
E/QCameraHWI_Parm(  316): ISO Value : 0
E/QCameraHWI_Parm(  316): set parms : type : 22 Value : 0
E/QCameraHWI_Parm(  316): android::status_t android::QCameraHardwareInterface::setFocusAreas(const android::QCameraParameters&): E
E/QCameraHWI_Parm(  316): android::status_t android::QCameraHardwareInterface::setMeteringAreas(const android::QCameraParameters&): E
E/QCameraHWI_Parm(  316): MeteringArea[0] = (0, 0, 0, 0, 0)
E/QCameraHWI_Parm(  316): android::status_t android::QCameraHardwareInterface::setSelectableZoneAf(const android::QCameraParameters&)
E/QCameraHWI_Parm(  316): set parms : type : 18 Value : 1
E/QCameraHWI_Parm(  316): set parms : type : 49 Value : 1
E/mm-camera(  305): config_proc_CAMERA_SET_PARM_HFR: HFR 1
E/QCameraHWI(  316): Mymode Preview = 5
E/QCameraHWI_Preview(  316): android::QCameraStream_preview::QCameraStream_preview(int, camera_mode_t): E
E/QCameraHWI_Preview(  316): android::QCameraStream_preview::QCameraStream_preview(int, camera_mode_t): X
E/mm-libcamera2(  316): mm_camera_ch_util_reg_buf_cb: Trying to register
E/mm-libcamera2(  316): mm_camera_ch_util_reg_buf_cb: Done register
E/QCameraHWI(  316): Mymode Record = 5
E/mm-libcamera2(  316): mm_camera_ch_util_reg_buf_cb: Trying to register
E/mm-libcamera2(  316): mm_camera_ch_util_reg_buf_cb: Done register
E/QCameraHWI(  316): Mymode Snap = 5
E/QCameraHWI(  316): Mymode Preview = 5
E/QCameraHWI_Rdi(  316): android::QCameraStream_Rdi::QCameraStream_Rdi(int, camera_mode_t): E
E/QCameraHWI_Rdi(  316): android::QCameraStream_Rdi::QCameraStream_Rdi(int, camera_mode_t): X
E/mm-libcamera2(  316): mm_camera_ch_util_reg_buf_cb: Trying to register
E/mm-libcamera2(  316): mm_camera_ch_util_reg_buf_cb: Done register
E/QCameraHWI(  316): isCameraReady mCameraState 1
E/QualcommCamera(  316): int android::camera_device_open(const hw_module_t*, char const*, hw_device_t**):  end rc 0
E/QualcommCamera(  316): Qvoid android::set_CallBacks(camera_device*, camera_notify_callback, camera_data_callback, camera_data_timestamp_callback, camera_request_memory, void*): E
E/QCameraHWI(  316): setCallbacks: E
E/QualcommCamera(  316): Qchar* android::get_parameters(camera_device*): E
E/QualcommCamera(  316): Qvoid android::put_parameters(camera_device*, char*): E
E/QualcommCamera(  316): Qvoid android::stop_preview(camera_device*): E
E/QualcommCamera(  316): Qint android::cancel_picture(camera_device*): E
E/QualcommCamera(  316): Qvoid android::release(camera_device*): E
E/QualcommCamera(  316): Qint android::close_camera_device(hw_device_t*): device =0xb78b1798 E
E/mm-camera(  305): config_shutdown_pp Camera not in streaming mode. Returning. 
E/mm-camera(  305): ispif_client_process: event type =7
E/mm-camera(  305): ispif_parse_handle: handle = 0x200, client_idx = 0
E/mm-camera(  305): ispif_process_release called
E/mm-camera(  305): ispif_client_destroy: handle = 0x200
E/mm-camera(  305): ispif_parse_handle: handle = 0x200, client_idx = 0
E/SafeApplication( 1885): curApkDefaultProcessName = com.meizu.safe | mCurRunningProcessName = com.meizu.safe 
E/QCameraHWI_Preview(  316): virtual void android::QCameraStream_preview::release() : BEGIN
E/QCameraHWI_Preview(  316): : virtual void android::QCameraStream_preview::release() : De init Channel
E/QCameraHWI_Preview(  316): virtual void android::QCameraStream_preview::release(): END
E/QCameraHWI_Rdi(  316): virtual void android::QCameraStream_Rdi::release() : BEGIN
E/QCameraHWI_Rdi(  316): : virtual void android::QCameraStream_Rdi::release() : De init Channel
E/QCameraHWI_Rdi(  316): virtual void android::QCameraStream_Rdi::release(): END
E/QualcommCamera(  316): Qint android::get_camera_info(int, camera_info*): E
E/QualcommCamera(  316): Qint android::get_camera_info(int, camera_info*): E
E/MmsService( 1422): MmsConfigManager.load -- empty getActiveSubInfoList
E/PhoneInterfaceManager( 1422): [PhoneIntfMgr] getIccId: ICC ID is null or empty.
E/SQLiteLog( 1885): (283) recovered 93 frames from WAL file /data/data/com.meizu.safe/databases/gauge.db-wal
E/MmsService( 1422): MmsConfigManager.load -- empty getActiveSubInfoList
E/PhoneInterfaceManager( 1422): [PhoneIntfMgr] getIccId: ICC ID is null or empty.
E/MediaPlayer-JNI( 1940): QCMediaPlayer mediaplayer NOT present
E/MediaPlayer( 1940): Should have subtitle controller already set
E/MediaPlayer-JNI( 1940): QCMediaPlayer mediaplayer NOT present
E/MediaPlayer( 1940): Should have subtitle controller already set
E/MediaPlayer-JNI( 1940): QCMediaPlayer mediaplayer NOT present
E/MediaPlayer( 1940): Should have subtitle controller already set
E/MediaPlayer( 1940): Should have subtitle controller already set
E/MediaPlayer( 1940): Should have subtitle controller already set
E/MediaPlayer( 1940): Should have subtitle controller already set
E/AudioService(  910): No RCC entry present to update
E/GpsLocationProvider(  910): no GPS configuration interface in configuraiton_update
E/MmsService( 1422): MmsConfigManager.load -- empty getActiveSubInfoList
E/DebugFlymeWeather( 2002): java.net.UnknownHostException: Unable to resolve host "res.aider.meizu.com": No address associated with hostname
E/ThermalDaemon( 2088): adc_sensors_setup: Error opening /sys/devices/platform/msm_ssbi.0/pm8921-core/pm8xxx-adc/pa_therm0
E/QMI_FW  ( 2088): QMUXD: Service_id=24 not found over conn_id=0
E/QMI_FW  ( 2088): QMUXD: Service_id=23 not found over conn_id=0
E/QMI_FW  ( 2088): QMUXD: Service_id=24 not found over conn_id=37
E/QMI_FW  ( 2088): QMUXD: Service_id=24 not found over conn_id=0
E/QMI_FW  ( 2088): QMUXD: Service_id=24 not found over conn_id=0
E/QMI_FW  ( 2088): QMUXD: Service_id=24 not found over conn_id=0
E/QMI_FW  ( 2088): QMUXD: Service_id=23 not found over conn_id=37
E/QMI_FW  ( 2088): QMUXD: Service_id=23 not found over conn_id=0
E/QMI_FW  ( 2088): QMUXD: Service_id=24 not found over conn_id=37
E/QMI_FW  ( 2088): QMUXD: Service_id=24 not found over conn_id=0
E/QMI_FW  ( 2088): QMUXD: Service_id=24 not found over conn_id=37
E/QMI_FW  ( 2088): QMUXD: Service_id=24 not found over conn_id=0
E/QMI_FW  ( 2088): QMUXD: Service_id=24 not found over conn_id=37
E/QMI_FW  ( 2088): QMUXD: Service_id=24 not found over conn_id=0
E/QMI_FW  ( 2088): QMUXD: Service_id=23 not found over conn_id=37
E/QMI_FW  ( 2088): QMUXD: Service_id=23 not found over conn_id=0
E/QMI_FW  ( 2088): QMUXD: Service_id=24 not found over conn_id=37
E/QMI_FW  ( 2088): QMUXD: Service_id=24 not found over conn_id=37
E/QMI_FW  ( 2088): QMUXD: Service_id=24 not found over conn_id=0
E/QMI_FW  ( 2088): QMUXD: Service_id=24 not found over conn_id=37
E/QMI_FW  ( 2088): QMUXD: Service_id=24 not found over conn_id=0
E/QMI_FW  ( 2088): QMUXD: Service_id=23 not found over conn_id=37
E/QMI_FW  ( 2088): QMUXD: Service_id=24 not found over conn_id=0
E/QMI_FW  ( 2088): QMUXD: Service_id=24 not found over conn_id=37
E/QMI_FW  ( 2088): QMUXD: Service_id=24 not found over conn_id=37
E/QMI_FW  ( 2088): QMUXD: Service_id=23 not found over conn_id=0
E/QMI_FW  ( 2088): QMUXD: Service_id=24 not found over conn_id=37
E/QMI_FW  ( 2088): QMUXD: Service_id=24 not found over conn_id=0
E/QMI_FW  ( 2088): QMUXD: Service_id=23 not found over conn_id=37
E/QMI_FW  ( 2088): QMUXD: Service_id=23 not found over conn_id=0
E/QMI_FW  ( 2088): QMUXD: Service_id=24 not found over conn_id=37
E/QMI_FW  ( 2088): QMUXD: Service_id=23 not found over conn_id=37
E/GpsLocationProvider(  910): no GPS configuration interface in configuraiton_update
E/SafeApplication( 2122): SafeApplication.attachBaseContext() + time = 0
E/SafeApplication( 2122): curApkDefaultProcessName = com.meizu.safe | mCurRunningProcessName = com.meizu.safe:Remote 
E/GpsLocationProvider(  910): no GPS configuration interface in configuraiton_update
E/WorkService( 1378): [onCreate]
E/MzCloudService( 1378): [onServiceStart]
E/GpsLocationProvider(  910): no GPS configuration interface in configuraiton_update
E/ServiceManager( 1378): [getInstance]create service manager
E/ServiceManager( 1378): [start] version = 5.7.8
E/AndroidRuntime( 1121): FATAL EXCEPTION: main
E/AndroidRuntime( 1121): Process: com.android.systemui, PID: 1121
E/AndroidRuntime( 1121): java.lang.NoSuchMethodError: No static method intToState(I)Lcom/android/internal/telephony/IccCardConstants$State; in class Lcom/android/internal/telephony/IccCardConstants$State; or its super classes (declaration of 'com.android.internal.telephony.IccCardConstants$State' appears in /system/framework/framework.jar:classes2.dex)
E/AndroidRuntime( 1121): 	at com.android.keyguard.KeyguardUpdateMonitor.refreshSimState(KeyguardUpdateMonitor.java:1382)
E/AndroidRuntime( 1121): 	at com.android.keyguard.KeyguardUpdateMonitor.handleSimSubscriptionInfoChanged(KeyguardUpdateMonitor.java:327)
E/AndroidRuntime( 1121): 	at com.android.keyguard.KeyguardUpdateMonitor$1.handleMessage(KeyguardUpdateMonitor.java:251)
E/AndroidRuntime( 1121): 	at android.os.Handler.dispatchMessage(Handler.java:102)
E/AndroidRuntime( 1121): 	at android.os.Looper.loop(Looper.java:135)
E/AndroidRuntime( 1121): 	at android.app.ActivityThread.main(ActivityThread.java:5254)
E/AndroidRuntime( 1121): 	at java.lang.reflect.Method.invoke(Native Method)
E/AndroidRuntime( 1121): 	at java.lang.reflect.Method.invoke(Method.java:372)
E/AndroidRuntime( 1121): 	at com.android.internal.os.ZygoteInit$MethodAndArgsCaller.run(ZygoteInit.java:904)
E/AndroidRuntime( 1121): 	at com.android.internal.os.ZygoteInit.main(ZygoteInit.java:699)
E/art     ( 2122): dlopen("libPowerStretch64.so", RTLD_LAZY) failed: dlopen failed: library "libPowerStretch64.so" not found
E/PowerModeManager( 2122): not PowerXtend Previous Product
E/art     ( 2122): dlopen("libPowerStretch.so", RTLD_LAZY) failed: dlopen failed: library "libPowerStretch.so" not found
E/PowerModeManager( 2122): not PowerXtend for android m Product
E/PowerStatsCalculator( 2122): others_mz_smart_voice_wakeup_by_voice does not exist in modeMap
E/PowerStatsCalculator( 2122): screen_screen_powersaving does not exist in modeMap
E/PowerStatsCalculator( 2122): sound_all_tips_sound does not exist in modeMap
E/WEBRTC  ( 1378): ERROR     ; (21:17:15: 46 |    0)      UTILITY:         -1;      2259; unable to set thread priority
E/MzCloudService( 1378): [onBind] action = com.meizu.flymesms.BIND
E/CloudApplication( 2229): [onCreate] application onCreate
E/WorkService( 2229): [onCreate]
E/MzPushService( 2229): MzPushService is onServiceStart
E/SipSmsManager( 2143): registerCallback
E/PhoneUtils( 2229): Get Mz Phone IMEI 869630015785433
E/PhoneUtils( 2229): Get Mz Phone SN de0790f4XXX
E/MzPushService( 2229): MzPushService is OnBind
E/MzPushService( 2229): clear signal callbackMap com.meizu.cloud
E/MzPushService( 2229): pushService onHandleIntent intent Intent { cmp=com.meizu.cloud/.pushsdk.pushservice.MzPushService }
E/PhoneUtils( 1378): Get Mz Phone IMEI 869630015785433
E/ReflectUtils( 2122): getStaticVariableInt exception: java.lang.NullPointerException: Attempt to invoke virtual method 'void java.lang.reflect.Field.setAccessible(boolean)' on a null object reference
E/ReflectUtils( 2122): getStaticVariableInt exception: java.lang.NullPointerException: Attempt to invoke virtual method 'void java.lang.reflect.Field.setAccessible(boolean)' on a null object reference
E/ReflectUtils( 2122): getStaticVariableInt exception: java.lang.NullPointerException: Attempt to invoke virtual method 'void java.lang.reflect.Field.setAccessible(boolean)' on a null object reference
E/ReflectUtils( 2122): getStaticVariableInt exception: java.lang.NullPointerException: Attempt to invoke virtual method 'void java.lang.reflect.Field.setAccessible(boolean)' on a null object reference
E/ReflectUtils( 2122): getStaticVariableString exception: java.lang.NullPointerException: Attempt to invoke virtual method 'void java.lang.reflect.Field.setAccessible(boolean)' on a null object reference
E/ReflectUtils( 2122): getStaticVariableString exception: java.lang.NullPointerException: Attempt to invoke virtual method 'void java.lang.reflect.Field.setAccessible(boolean)' on a null object reference
E/ReflectUtils( 2122): getStaticVariableString exception: java.lang.NullPointerException: Attempt to invoke virtual method 'void java.lang.reflect.Field.setAccessible(boolean)' on a null object reference
E/ReflectUtils( 2122): getStaticVariableString exception: java.lang.NullPointerException: Attempt to invoke virtual method 'void java.lang.reflect.Field.setAccessible(boolean)' on a null object reference
E/SmsCenterUtils( 2143): getSmsCenterFromSim slotId = 0, isSimReady = true
E/PowerCutOffAwakenAppManager( 2122): switchOneAntiWaken() Exception : No Activity found to handle Intent { act=act.intercept.BATCHOPERATION flg=0x10000000 (has extras) }
E/MzGslbSdk( 1885): cant get package name while write file log!
E/GpsLocationProvider(  910): no GPS configuration interface in configuraiton_update
E/flymed_connector(  910): Communications error: java.io.IOException: No such file or directory
E/flymed_connector(  910): Error in NativeDaemonConnector: java.io.IOException: No such file or directory
E/SQLiteLog( 1575): (284) automatic index on sqlite_sq_B87670B8(STAT_DATA_ID)
E/SQLiteLog( 1575): (284) automatic index on sqlite_sq_B8768DF0(STAT_DATA_ID)
E/SmsCenterUtils( 2143): getSmsCenterFromSim slotId = 0, smscAddr = "+8613010200500",145
E/SmsCenterUtils( 2143): setSmsCenterNumber mSmsCenterNumber1 = "+8613010200500",145
E/SambaConnector(  910): Communications error: java.io.IOException: No such file or directory
E/SambaConnector(  910): Error in NativeDaemonConnector: java.io.IOException: No such file or directory
E/SambaClientConnector(  910): Communications error: java.io.IOException: No such file or directory
E/SambaClientConnector(  910): Error in NativeDaemonConnector: java.io.IOException: No such file or directory
E/SambaClientService(  910): ex setnetbios
E/PhoneUtils( 2368): Get Mz Phone SN de0790f4XXX
E/PhoneUtils( 2368): Get Mz Phone IMEI 869630015785433
E/flymed_connector(  910): Communications error: java.io.IOException: No such file or directory
E/flymed_connector(  910): Error in NativeDaemonConnector: java.io.IOException: No such file or directory
E/SambaConnector(  910): Communications error: java.io.IOException: No such file or directory
E/SambaConnector(  910): Error in NativeDaemonConnector: java.io.IOException: No such file or directory
E/SambaClientConnector(  910): Communications error: java.io.IOException: No such file or directory
E/SambaClientConnector(  910): Error in NativeDaemonConnector: java.io.IOException: No such file or directory
E/flymed_connector(  910): Communications error: java.io.IOException: No such file or directory
E/flymed_connector(  910): Error in NativeDaemonConnector: java.io.IOException: No such file or directory
E/SambaConnector(  910): Communications error: java.io.IOException: No such file or directory
E/SambaConnector(  910): Error in NativeDaemonConnector: java.io.IOException: No such file or directory
E/SambaClientConnector(  910): Communications error: java.io.IOException: No such file or directory
E/SambaClientConnector(  910): Error in NativeDaemonConnector: java.io.IOException: No such file or directory
E/AudioTrack(  910): AudioTrack::set : Exit
E/AudioPolicyManager(  316): unknown stream type 13
E/AudioPolicyManager(  316): unknown stream type 13
E/AudioPolicyManager(  316): unknown stream type 13
E/AudioPolicyManager(  316): unknown stream type 13
E/AudioPolicyManager(  316): unknown stream type 13
E/AudioPolicyManager(  316): unknown stream type 13
E/AudioPolicyManager(  316): unknown stream type 13
E/AudioPolicyManager(  316): unknown stream type 13
E/InputDispatcher(  910): channel '2657c9c2 SmartTouch (server)' ~ Channel is unrecoverably broken and will be disposed!
E/InputDispatcher(  910): channel '17bbae71 StatusBar (server)' ~ Channel is unrecoverably broken and will be disposed!
E/InputDispatcher(  910): channel '7d019eb Heads Up (server)' ~ Channel is unrecoverably broken and will be disposed!
E/InputDispatcher(  910): channel '3755dbf4 com.android.systemui.ImageWallpaper (server)' ~ Channel is unrecoverably broken and will be disposed!
E/ConnectivityService(  910): RemoteException caught trying to send a callback msg for NetworkRequest [ id=2, legacyType=-1, [] ]
E/recents.TaskLoader( 2551): RecentsTaskLoader init, maybe a error
E/AudioPolicyManager(  316): unknown stream type 13
E/AudioPolicyManager(  316): unknown stream type 13
E/AudioPolicyManager(  316): unknown stream type 13
E/AudioPolicyManager(  316): unknown stream type 13
E/AudioPolicyManager(  316): unknown stream type 13
E/AudioPolicyManager(  316): unknown stream type 13
E/AudioPolicyManager(  316): unknown stream type 13
E/AudioPolicyManager(  316): unknown stream type 13
E/AudioPolicyManager(  316): unknown stream type 13
E/AudioPolicyManager(  316): unknown stream type 13
E/AudioPolicyManager(  316): unknown stream type 13
E/AudioPolicyManager(  316): unknown stream type 13
E/AudioPolicyManager(  316): unknown stream type 13
E/AudioPolicyManager(  316): unknown stream type 13
E/AudioPolicyManager(  316): unknown stream type 13
E/BootReceiver( 1378): onReceive
E/MzCloudService( 1378): [onHandleIntent] action = null
E/MeizuAccountService( 2661): [start] version = 5.6.4
E/BluetoothA2dpSink( 2551): Could not bind to Bluetooth A2DP Service with Intent { act=android.bluetooth.IBluetoothA2dpSink }
E/BluetoothAvrcpController( 2551): Could not bind to Bluetooth AVRCP Controller Service with Intent { act=android.bluetooth.IBluetoothAvrcpController }
E/BluetoothHeadsetClient( 2551): Could not bind to Bluetooth Headset Client Service with Intent { act=android.bluetooth.IBluetoothHeadsetClient }
E/QualcommCamera(  316): Qint android::get_camera_info(int, camera_info*): E
E/QualcommCamera(  316): Qint android::get_camera_info(int, camera_info*): E
E/QualcommCamera(  316): Qint android::get_camera_info(int, camera_info*): E
E/QualcommCamera(  316): Qint android::get_camera_info(int, camera_info*): E
E/MzPushService( 2229): pushService onHandleIntent intent Intent { act=com.meizu.flyme.push.intent.REGISTER cmp=com.meizu.cloud/.pushsdk.pushservice.MzPushService (has extras) }
E/AndroidRuntime( 2551): FATAL EXCEPTION: main
E/AndroidRuntime( 2551): Process: com.android.systemui, PID: 2551
E/AndroidRuntime( 2551): java.lang.NoSuchMethodError: No static method intToState(I)Lcom/android/internal/telephony/IccCardConstants$State; in class Lcom/android/internal/telephony/IccCardConstants$State; or its super classes (declaration of 'com.android.internal.telephony.IccCardConstants$State' appears in /system/framework/framework.jar:classes2.dex)
E/AndroidRuntime( 2551): 	at com.android.keyguard.KeyguardUpdateMonitor.refreshSimState(KeyguardUpdateMonitor.java:1382)
E/AndroidRuntime( 2551): 	at com.android.keyguard.KeyguardUpdateMonitor.handleSimSubscriptionInfoChanged(KeyguardUpdateMonitor.java:327)
E/AndroidRuntime( 2551): 	at com.android.keyguard.KeyguardUpdateMonitor$1.handleMessage(KeyguardUpdateMonitor.java:251)
E/AndroidRuntime( 2551): 	at android.os.Handler.dispatchMessage(Handler.java:102)
E/AndroidRuntime( 2551): 	at android.os.Looper.loop(Looper.java:135)
E/AndroidRuntime( 2551): 	at android.app.ActivityThread.main(ActivityThread.java:5254)
E/AndroidRuntime( 2551): 	at java.lang.reflect.Method.invoke(Native Method)
E/AndroidRuntime( 2551): 	at java.lang.reflect.Method.invoke(Method.java:372)
E/AndroidRuntime( 2551): 	at com.android.internal.os.ZygoteInit$MethodAndArgsCaller.run(ZygoteInit.java:904)
E/AndroidRuntime( 2551): 	at com.android.internal.os.ZygoteInit.main(ZygoteInit.java:699)
E/lucky.Application( 2915): onCreate
E/lucky.Service( 2915): onCreate
E/NotificationService(  910): Not posting notification with icon==0: Notification(pri=0 contentView=null vibrate=null sound=null defaults=0x0 flags=0x62 color=0x00000000 vis=PRIVATE)
E/NotificationService(  910): WARNING: In a future release this will crash the app: com.meizu.luckymoney
E/lucky.Service( 2915): onStartCommand
E/lucky.Service( 2915): onStartCommand
E/flymed_connector(  910): Communications error: java.io.IOException: No such file or directory
E/flymed_connector(  910): Error in NativeDaemonConnector: java.io.IOException: No such file or directory
E/SQLiteLog( 1086): (283) recovered 87 frames from WAL file /data/data/com.android.providers.media/databases/internal.db-wal
E/SQLiteLog( 1422): (284) automatic index on pending_msgs(msg_id)
E/SambaConnector(  910): Communications error: java.io.IOException: No such file or directory
E/SambaConnector(  910): Error in NativeDaemonConnector: java.io.IOException: No such file or directory
E/SambaClientConnector(  910): Communications error: java.io.IOException: No such file or directory
E/SambaClientConnector(  910): Error in NativeDaemonConnector: java.io.IOException: No such file or directory
E/MzGslbSdk( 2809): response code:200
E/SmsCenterUtils( 2143): getSmsCenterFromSim slotId = 0, isSimReady = true
E/SmsCenterUtils( 2143): getSmsCenterFromSim slotId = 0, smscAddr = "+8613010200500",145
E/SmsCenterUtils( 2143): setSmsCenterNumber mSmsCenterNumber1 = "+8613010200500",145
E/AudioPolicyManager(  316): unknown stream type 13
E/AudioPolicyManager(  316): unknown stream type 13
E/AudioPolicyManager(  316): unknown stream type 13
E/AudioPolicyManager(  316): unknown stream type 13
E/AudioPolicyManager(  316): unknown stream type 13
E/AudioPolicyManager(  316): unknown stream type 13
E/AudioPolicyManager(  316): unknown stream type 13
E/AudioPolicyManager(  316): unknown stream type 13
E/InputDispatcher(  910): channel '3f8b4d11 SmartTouch (server)' ~ Channel is unrecoverably broken and will be disposed!
E/InputDispatcher(  910): channel '18eceb0d StatusBar (server)' ~ Channel is unrecoverably broken and will be disposed!
E/InputDispatcher(  910): channel '796e879 Heads Up (server)' ~ Channel is unrecoverably broken and will be disposed!
E/ConnectivityService(  910): RemoteException caught trying to send a callback msg for NetworkRequest [ id=3, legacyType=-1, [] ]
E/AudioPolicyManager(  316): unknown stream type 13
E/AudioPolicyManager(  316): unknown stream type 13
E/AudioPolicyManager(  316): unknown stream type 13
E/AudioPolicyManager(  316): unknown stream type 13
E/AudioPolicyManager(  316): unknown stream type 13
E/AudioPolicyManager(  316): unknown stream type 13
E/AudioPolicyManager(  316): unknown stream type 13
E/AudioPolicyManager(  316): unknown stream type 13
E/AudioPolicyManager(  316): unknown stream type 13
E/AudioPolicyManager(  316): unknown stream type 13
E/AudioPolicyManager(  316): unknown stream type 13
E/AudioPolicyManager(  316): unknown stream type 13
E/AudioPolicyManager(  316): unknown stream type 13
E/AudioPolicyManager(  316): unknown stream type 13
E/AudioPolicyManager(  316): unknown stream type 13
E/android_hardware_fm( 3055): FM : loading QCOMM FM-JNI
E/recents.TaskLoader( 3033): RecentsTaskLoader init, maybe a error
E/NotificationService(  910): Not posting notification with icon==0: Notification(pri=0 contentView=com.meizu.flyme.update/0x2030077 vibrate=null sound=null defaults=0x0 flags=0x62 color=0x00000000 vis=PRIVATE)
E/NotificationService(  910): WARNING: In a future release this will crash the app: com.meizu.flyme.update
E/BluetoothA2dpSink( 3033): Could not bind to Bluetooth A2DP Service with Intent { act=android.bluetooth.IBluetoothA2dpSink }
E/BluetoothAvrcpController( 3033): Could not bind to Bluetooth AVRCP Controller Service with Intent { act=android.bluetooth.IBluetoothAvrcpController }
E/BluetoothHeadsetClient( 3033): Could not bind to Bluetooth Headset Client Service with Intent { act=android.bluetooth.IBluetoothHeadsetClient }
E/QualcommCamera(  316): Qint android::get_camera_info(int, camera_info*): E
E/QualcommCamera(  316): Qint android::get_camera_info(int, camera_info*): E
E/QualcommCamera(  316): Qint android::get_camera_info(int, camera_info*): E
E/QualcommCamera(  316): Qint android::get_camera_info(int, camera_info*): E
E/nbg     ( 3191): onCreate
E/AndroidRuntime( 3033): FATAL EXCEPTION: main
E/AndroidRuntime( 3033): Process: com.android.systemui, PID: 3033
E/AndroidRuntime( 3033): java.lang.NoSuchMethodError: No static method intToState(I)Lcom/android/internal/telephony/IccCardConstants$State; in class Lcom/android/internal/telephony/IccCardConstants$State; or its super classes (declaration of 'com.android.internal.telephony.IccCardConstants$State' appears in /system/framework/framework.jar:classes2.dex)
E/AndroidRuntime( 3033): 	at com.android.keyguard.KeyguardUpdateMonitor.refreshSimState(KeyguardUpdateMonitor.java:1382)
E/AndroidRuntime( 3033): 	at com.android.keyguard.KeyguardUpdateMonitor.handleSimSubscriptionInfoChanged(KeyguardUpdateMonitor.java:327)
E/AndroidRuntime( 3033): 	at com.android.keyguard.KeyguardUpdateMonitor$1.handleMessage(KeyguardUpdateMonitor.java:251)
E/AndroidRuntime( 3033): 	at android.os.Handler.dispatchMessage(Handler.java:102)
E/AndroidRuntime( 3033): 	at android.os.Looper.loop(Looper.java:135)
E/AndroidRuntime( 3033): 	at android.app.ActivityThread.main(ActivityThread.java:5254)
E/AndroidRuntime( 3033): 	at java.lang.reflect.Method.invoke(Native Method)
