--------- beginning of main
E/QSEECOMAPI: (  271): Error::Cannot open the file /firmware/image/keymaste.mdt
E/QSEECOMAPI: (  271): Error::Loading image failed with ret = -1
E/QSEECOMD: (  271): Loading keymaster app failied
E/MP-Decision(  325): MPDecision server starting
E/MP-Decision(  325): Unable to create control service (stage=2, rc=-1)
E/MP-Decision(  325): OPTION ENABLED: Control sleep modes
E/MP-Decision(  325): OPTION ENABLED: Adjusting average
E/MP-Decision(  325): Decision parameters CPU 0: Nw=0.000000, Tw=0, Ns=0.000000, Ts=0
E/MP-Decision(  325): util_h_and=0, util_h_or=0, util_low=0
E/MP-Decision(  325): Decision parameters CPU 1: Nw=1.900000, Tw=140, Ns=1.100000, Ts=190
E/MP-Decision(  325): util_h_and=35, util_h_or=75, util_low=20
E/MP-Decision(  325): Decision parameters CPU 2: Nw=2.700000, Tw=90, Ns=2.100000, Ts=240
E/MP-Decision(  325): util_h_and=0, util_h_or=400, util_low=0
E/MP-Decision(  325): Decision parameters CPU 3: Nw=3.500000, Tw=90, Ns=3.100000, Ts=240
E/MP-Decision(  325): util_h_and=0, util_h_or=400, util_low=0
E/MP-Decision(  325): Decision parameters: poll_ms: 9 decision_ms: 50
E/rmt_storage(  308): Remote storage service is not supported on mdm target
E/mm-camera(  305): qcamsvr_start: old_mode = 3f
--------- beginning of system
E/Cryptfs (  266): Bad magic for real block device /dev/block/platform/msm_sdcc.1/by-name/bk1
E/Cryptfs (  266): Error getting crypt footer and key
E/mm-camera(  305): qcamsvr_load_gesture_lib Error opening gesture library
E/mm-camera(  305): Cannot init Gesture library
E/Sensors (  462): sns_fsa_la.c(111):fsa: realpath failed 2
E/Sensors (  462): sns_debug_main.c(1070):Sensors DIAG Init: can't init debug file
E/Sensors (  462): sns_debug_main.c(571):Debug Config File missing in EFS!
E/Sensors (  462): DSPS file:sns_dd_alsprx_stk31xx.c(955):ALSPRX: I2C error when writing register: 128 error: 7
E/kickstart-qcks(  310): Process return value 0
E/kickstart-qcks(  310): Process return value 0
E/BootAnimation(  585): couldn't find audio_conf.txt
E/kickstart-qcks(  310): Process return value 0
E/kickstart-qcks(  310): Process return value 0
E/kickstart-qcks(  310): RUNNING:	/system/bin/ks  -w /data/tombstones/mdm/ -p /dev/ks_hsic_bridge -r 21 -s 2:/firmware/image/amss.mbn -s 6:/firmware/image/apps.mbn -s 8:/firmware/image/dsp1.mbn -s 11:/firmware/image/osbl.mbn -s 12:/firmware/image/dsp2.mbn -s 21:/firmware/image/sbl1.mbn -s 22:/firmware/image/sbl2.mbn -s 23:/firmware/image/rpm.mbn -s 28:/firmware/image/dsp3.mbn -s 16:/data/qcks/efs1.bin -s 17:/data/qcks/efs2.bin -s 20:/data/qcks/efs3.bin -s 29:/data/qcks/acdb.bin
E/Minikin (  321): addFont failed to create font /system/fonts/NanumGothic.ttf
E/Minikin (  321): addFont failed to create font /system/fonts/DroidSansFallback.ttf
E/MediaPlayerFactory(  316): calling dlopen on FACTORY_LIB
E/MediaPlayerFactory(  316): calling dlsym on pFactoryLib for FACTORY_CREATE_FN 
E/MediaPlayerFactory(  316): registering DASH Player factory...
E/QualcommCamera(  316): Qint android::get_number_of_cameras(): E
E/        (  316): [ACDB RTC]->rtc init done!->result [0]
E/Diag_Lib(  316): actp_diag_init: call diag init function with B5C74A79
E/        (  316): [ACDB ACPH]->actp diag init done!
E/AudioHardwareALSA(  316): int android_audio_legacy::hwUtilOpen(int) Opening device /dev/snd/hwC0D1000
E/ACDB-LOADER(  316): done with conversion, anc config size is 148
E/ACDB-LOADER(  316):  
E/ACDB-LOADER(  316): done with conversion, anc config size is 148
E/ACDB-LOADER(  316):  
E/ACDB-LOADER(  316): done with conversion, anc config size is 148
E/ACDB-LOADER(  316):  
E/ACDB-LOADER(  316): done with conversion, anc config size is 148
E/ACDB-LOADER(  316):  
E/ACDB-LOADER(  316): done with conversion, anc config size is 74
E/ACDB-LOADER(  316):  
E/ACDB-LOADER(  316): done with conversion, anc config size is 74
E/ACDB-LOADER(  316):  
E/kickstart-qcks(  310): Process return value 0
E/kickstart-qcks(  310): Sahara transfer completed successfully
E/kickstart-qcks(  310): Spawning efsks
E/kickstart-efsks(  896): File '/dev/efs_hsic_bridge' was not found
E/kickstart-efsks(  896): /dev/efs_hsic_bridge does not exist.
E/alsa_ucm(  316): EC_REF_RX mixer ctl: SLIM_RX
E/alsa_ucm(  316): EC_REF_RX mixer ctl: SLIM_RX
E/alsa_ucm(  316): EC_REF_RX mixer ctl: SLIM_RX
E/alsa_ucm(  316): EC_REF_RX mixer ctl: SLIM_RX
E/alsa_ucm(  316): EC_REF_RX mixer ctl: SLIM_RX
E/alsa_ucm(  316): EC_REF_RX mixer ctl: SLIM_RX
E/alsa_ucm(  316): EC_REF_RX mixer ctl: SLIM_RX
E/alsa_ucm(  316): EC_REF_RX mixer ctl: SLIM_RX
E/alsa_ucm(  316): EC_REF_RX mixer ctl: SLIM_RX
E/alsa_ucm(  316): EC_REF_RX mixer ctl: SLIM_RX
E/alsa_ucm(  316): EC_REF_RX mixer ctl: SLIM_RX
E/alsa_ucm(  316): EC_REF_RX mixer ctl: SLIM_RX
E/alsa_ucm(  316): EC_REF_RX mixer ctl: SLIM_RX
E/alsa_ucm(  316): EC_REF_RX mixer ctl: SLIM_RX
E/alsa_ucm(  316): EC_REF_RX mixer ctl: SLIM_RX
E/AudioHardwareALSA(  316): doAudienceCodec_Init+
E/AudioHardwareALSA(  316): Uart_write BytesWritten = 1
E/AudioHardwareALSA(  316): readCnt = 1, respBuffer = 00
E/AudioHardwareALSA(  316): Uart_write BytesWritten = 1
E/AudioHardwareALSA(  316): readCnt = 1, respBuffer = 01
E/AudioHardwareALSA(  316): voiceproc_uart_sendImg /system/etc/firmware/voiceproc_init.img
E/AudioHardwareALSA(  316): Uart_write BytesWritten = 1
E/AudioHardwareALSA(  316): readCnt = 1, respBuffer = 00
E/AudioHardwareALSA(  316): Uart_write BytesWritten = 1
E/AudioHardwareALSA(  316): readCnt = 1, respBuffer = 01
E/AudioHardwareALSA(  316): voiceproc_uart_sendImg /etc/firmware/voiceproc.img
E/AudioHardwareALSA(  316): doAudienceCodec_Init-
E/alsa_ucm(  316): Invalid verb_index -1
E/alsa_ucm(  316): No valid device Speaker found
E/qcom_sensors_hal(  910): hal_load_oem_lib: ERROR: Could not open OEM HAL library
E/qcom_sensors_hal(  910): hal_init: No native sensors linux driver found in /system/lib/hw/sensors.oem.so
E/kickstart-efsks(  896): RUNNING: '/system/bin/ks -m -w /dev/block/platform/msm_sdcc.1/by-name/ -p /dev/efs_hsic_bridge -t -1 -l'
E/MonoPipe(  316): Failed to fetch local time frequency when constructing a MonoPipe (res = -32).  getNextWriteTimestamp calls will be non-functional
E/QCOM PowerHAL(  910): Invalid hint ID.
E/QMI_FW  (  316): QMUXD: Service_id=20 not found over conn_id=0
E/QMI_FW  (  316): QMUXD: Service_id=20 not found over conn_id=37
E/QMI_FW  (  316): QMUXD: Service_id=20 not found over conn_id=0
E/QMI_FW  (  316): QMUXD: Service_id=20 not found over conn_id=37
E/QMI_FW  (  316): QMUXD: Service_id=20 not found over conn_id=0
E/QMI_FW  (  316): QMUXD: Service_id=20 not found over conn_id=37
E/QMI_FW  (  316): QMUXD: Service_id=20 not found over conn_id=0
E/QMI_FW  (  316): QMUXD: Service_id=20 not found over conn_id=37
E/QMI_FW  (  316): QMUXD: Service_id=20 not found over conn_id=0
E/QMI_FW  (  316): QMUXD: Service_id=20 not found over conn_id=37
E/QMI_FW  (  313): QMUXD: Service_id=228 not found over conn_id=0
E/QMI_FW  (  313): QMUXD: Service_id=228 not found over conn_id=37
E/QMI_FW  (  313): QMUXD: Service_id=228 not found over conn_id=0
E/QMI_FW  (  313): QMUXD: Service_id=228 not found over conn_id=37
E/QMI_FW  (  313): QMUXD: Service_id=228 not found over conn_id=0
E/QMI_FW  (  313): QMUXD: Service_id=228 not found over conn_id=37
E/QMI_FW  (  313): QMUXD: Service_id=228 not found over conn_id=0
E/QMI_FW  (  313): QMUXD: Service_id=228 not found over conn_id=37
E/QMI_FW  (  313): QMUXD: Service_id=228 not found over conn_id=0
E/QMI_FW  (  313): QMUXD: Service_id=228 not found over conn_id=37
E/QMI_FW  (  313): QMUXD: Service_id=228 not found over conn_id=0
E/QMI_FW  (  313): QMUXD: Service_id=228 not found over conn_id=37
E/QMI_FW  (  313): QMUXD: Service_id=228 not found over conn_id=0
E/QMI_FW  (  313): QMUXD: Service_id=228 not found over conn_id=37
E/QMI_FW  (  313): QMUXD: Service_id=228 not found over conn_id=0
E/QMI_FW  (  313): QMUXD: Service_id=228 not found over conn_id=37
E/QMI_FW  (  313): QMUXD: Service_id=228 not found over conn_id=0
E/QMI_FW  (  313): QMUXD: Service_id=228 not found over conn_id=37
E/QMI_FW  (  313): QMUXD: Service_id=228 not found over conn_id=0
E/QMI_FW  (  313): QMUXD: Service_id=228 not found over conn_id=37
E/installd(  317): invalid apk path '/system/framework/flyme-res' (bad prefix)
E/PackageDefaultOp(  910): PackageDefaultOpService
E/PackageDefaultOp(  910): readList
E/PackageDefaultOp(  910): /data/system/testlist not exist
E/ConsumerIrService(  910): Can't open consumer IR HW Module, error: -2
E/AudioPolicyManager(  316): unknown stream type 13
E/AudioPolicyManager(  316): unknown stream type 13
E/AudioPolicyManager(  316): unknown stream type 13
E/AudioUsbALSA(  316): return for pthreadjoin = 3
E/AudioPolicyManager(  316): unknown stream type 13
E/AudioPolicyManager(  316): unknown stream type 13
E/SoundTriggerHwService(  316): couldn't load sound trigger module sound_trigger.primary (No such file or directory)
E/EventHub(  910): could not get driver version for /dev/input/mice, Not a typewriter
E/flymed_connector(  910): Communications error: java.io.IOException: No such file or directory
E/flymed_connector(  910): Error in NativeDaemonConnector: java.io.IOException: No such file or directory
E/WifiConfigStore(  910): associatedPartialScanPeriodMilli set to 20000
E/IpConfigStore(  910): Error parsing configuration: java.io.FileNotFoundException: /data/misc/ethernet/ipconfig.txt: open failed: ENOENT (No such file or directory)
E/ConnectivityService(  910): Ignoring protectedNetwork 15
E/SambaConnector(  910): Communications error: java.io.IOException: No such file or directory
E/SambaConnector(  910): Error in NativeDaemonConnector: java.io.IOException: No such file or directory
E/SambaClientConnector(  910): Communications error: java.io.IOException: No such file or directory
E/SambaClientConnector(  910): Error in NativeDaemonConnector: java.io.IOException: No such file or directory
E/AudioPolicyManager(  316): unknown stream type 13
E/AudioPolicyManager(  316): unknown stream type 13
E/AudioPolicyManager(  316): unknown stream type 13
E/AudioPolicyManager(  316): unknown stream type 13
E/AudioPolicyManager(  316): unknown stream type 13
E/AudioPolicyManager(  316): unknown stream type 13
E/AudioPolicyManager(  316): unknown stream type 13
E/AudioPolicyManager(  316): unknown stream type 13
E/AudioPolicyManager(  316): unknown stream type 13
E/AudioPolicyManager(  316): unknown stream type 13
E/AudioPolicyManager(  316): unknown stream type 13
E/AudioPolicyManager(  316): unknown stream type 13
E/AudioPolicyManager(  316): unknown stream type 13
E/AudioPolicyManager(  316): unknown stream type 13
E/AudioPolicyManager(  316): unknown stream type 13
E/AudioPolicyManager(  316): unknown stream type 13
E/AudioPolicyManager(  316): unknown stream type 13
E/AudioPolicyManager(  316): unknown stream type 13
E/AudioPolicyManager(  316): unknown stream type 13
E/AudioPolicyManager(  316): unknown stream type 13
E/AudioPolicyManager(  316): unknown stream type 13
E/AudioPolicyManager(  316): unknown stream type 13
E/AudioPolicyManager(  316): unknown stream type 13
E/AudioPolicyManager(  316): unknown stream type 13
E/AudioPolicyManager(  316): unknown stream type 13
E/AudioPolicyManager(  316): unknown stream type 13
E/AudioPolicyManager(  316): unknown stream type 13
E/AudioPolicyManager(  316): unknown stream type 13
E/AudioPolicyManager(  316): unknown stream type 13
E/AudioPolicyManager(  316): unknown stream type 13
E/AudioPolicyManager(  316): unknown stream type 13
E/AudioPolicyManager(  316): unknown stream type 13
E/AudioPolicyManager(  316): unknown stream type 13
E/AudioPolicyManager(  316): unknown stream type 13
E/Fingerprint-JNI(  910): Can't open fingerprint HW Module, error: -2
E/SQLiteLog(  910): (283) recovered 16 frames from WAL file /data/system/locksettings.db-wal
E/LockSettingsStorage(  910): Cannot read file java.io.FileNotFoundException: /data/system/password.key: open failed: ENOENT (No such file or directory)
E/LockSettingsStorage(  910): Cannot read file java.io.FileNotFoundException: /data/system/gesture.key: open failed: ENOENT (No such file or directory)
E/SQLiteLog( 1086): (283) recovered 90 frames from WAL file /data/data/com.android.providers.media/databases/external.db-wal
E/WVMExtractor(  316): Failed to open libwvm.so: dlopen failed: library "libwvm.so" not found
E/OMXMaster(  316): A component of name 'OMX.qcom.audio.decoder.aac' already exists, ignoring this one.
E/QC_EVRCENC(  316):  component init: role = OMX.qcom.audio.encoder.evrc
E/QC_EVRCENC(  316): component_deinit:COMPONENT DEINIT...
E/QC_EVRCENC(  316): EVRC Object getting destroyed comp-deinit=1
E/QC_EVRCENC(  316): OMX EVRC component destroyed
E/recents.TaskLoader( 1121): RecentsTaskLoader init, maybe a error
E/QC_QCELP13ENC(  316):  component init: role = OMX.qcom.audio.encoder.qcelp13
E/QC_QCELP13ENC(  316): component_deinit:COMPONENT DEINIT...
E/QC_QCELP13ENC(  316): QCELP13 Object getting destroyed comp-deinit=1
E/QC_QCELP13ENC(  316): OMX QCELP13 component destroyed
E/OMX     (  316): FAILED to allocate omx component 'AACEncoder'
E/OMX-VENC-720p(  316): 
E/OMX-VENC-720p(  316):  omx_video(): Inside Constructor()
E/OMX-VENC-720p(  316): Successfully opened venc ion device fd = 35
E/OMX-VENC-720p(  316): Successfully created venc ionlock
E/OMX-VENC-720p(  316): Venc instance = 1, ion device fd = 35
E/OMX-VENC-720p(  316): 
E/OMX-VENC-720p(  316):  omx_venc(): Inside component_init()
E/OMX-VENC-720p(  316): 
E/OMX-VENC-720p(  316):  Is component secure 0
E/OMX-VENC-720p(  316): 
E/OMX-VENC-720p(  316):  bool venc_dev::venc_open(OMX_U32)(): Init Profile/Level setting success
E/OMX-VENC-720p(  316): get_curr_perf_lvl = 0
E/OMX-VENC-720p(  316): 
E/OMX-VENC-720p(  316):  Component_init return value = 0x0
E/OMX-VENC-720p(  316): get_parameter: OMX_IndexParamVideoProfileLevelQuerySupported for Input port returned Profile:1, Level:128
E/OMX-VENC-720p(  316): get_parameter: OMX_IndexParamVideoProfileLevelQuerySupported for Input port returned Profile:32768, Level:128
E/OMX-VENC-720p(  316): get_parameter: OMX_IndexParamVideoProfileLevelQuerySupported nProfileIndex ret NoMore 2
E/OMX-VENC-720p(  316): get_parameter: OMX_IndexParamVideoProfileLevelQuerySupported for Input port returned Profile:32768, Level:128
E/OMX-VENC-720p(  316): Invalid entry returned from get_supported_profile_level 32768, 128
E/OMX-VENC-720p(  316): 
E/OMX-VENC-720p(  316):  omx_venc(): Inside component_deinit()
E/OMX-VENC-720p(  316): Calling m_heap_ptr.clear()
E/OMX-VENC-720p(  316): Calling venc_close()
E/OMX-VENC-720p(  316): 
E/OMX-VENC-720p(  316):  venc_close(): Calling VEN_IOCTL_CMD_STOP_READ_MSG
E/OMX-VENC-720p(  316): omx_venc: Async Thread exit
E/OMX-VENC-720p(  316): Deleting HANDLE[0xb7873ef0]
E/OMX-VENC-720p(  316): OMX_Venc:Component Deinit
E/OMX-VENC-720p(  316): In OMX Venc Destructor() for instance = 1
E/OMX-VENC-720p(  316): omx_video: Waiting on Msg Thread exit
E/OMX-VENC-720p(  316): omx_video: Waiting on Async Thread exit
E/OMX-VENC-720p(  316): Calling close() on venc ion device fd = 35
E/OMX-VENC-720p(  316): Successfully destroyed venc ionlock
E/OMX-VENC-720p(  316): m_etb_count = 0, m_fbd_count = 0
E/OMX-VENC-720p(  316): Exiting OMX Video Encoder ...
E/OMX-VENC-720p(  316): 
E/OMX-VENC-720p(  316):  Destroy C2D instance
E/OMX-VENC-720p(  316): 
E/OMX-VENC-720p(  316):  omx_video(): Inside Constructor()
E/OMX-VENC-720p(  316): Successfully opened venc ion device fd = 35
E/OMX-VENC-720p(  316): Successfully created venc ionlock
E/OMX-VENC-720p(  316): Venc instance = 1, ion device fd = 35
E/OMX-VENC-720p(  316): 
E/OMX-VENC-720p(  316):  omx_venc(): Inside component_init()
E/OMX-VENC-720p(  316): 
E/OMX-VENC-720p(  316):  Is component secure 0
E/InputMethodManagerService(  910): Ignoring setImeWindowStatus due to an invalid token. uid:1000 token:null
E/OMX-VENC-720p(  316): 
E/OMX-VENC-720p(  316):  bool venc_dev::venc_open(OMX_U32)(): Init Profile/Level setting success
E/OMX-VENC-720p(  316): get_curr_perf_lvl = 0
E/OMX-VENC-720p(  316): 
E/OMX-VENC-720p(  316):  Component_init return value = 0x0
E/OMX-VENC-720p(  316): get_parameter: OMX_IndexParamVideoProfileLevelQuerySupported for Input port returned Profile:1, Level:128
E/OMX-VENC-720p(  316): get_parameter: OMX_IndexParamVideoProfileLevelQuerySupported nProfileIndex ret NoMore 1
E/OMX-VENC-720p(  316): get_parameter: OMX_IndexParamVideoProfileLevelQuerySupported for Input port returned Profile:1, Level:128
E/OMX-VENC-720p(  316): Invalid entry returned from get_supported_profile_level 1, 128
E/OMX-VENC-720p(  316): 
E/OMX-VENC-720p(  316):  omx_venc(): Inside component_deinit()
E/OMX-VENC-720p(  316): Calling m_heap_ptr.clear()
E/OMX-VENC-720p(  316): Calling venc_close()
E/OMX-VENC-720p(  316): 
E/OMX-VENC-720p(  316):  venc_close(): Calling VEN_IOCTL_CMD_STOP_READ_MSG
E/OMX-VENC-720p(  316): omx_venc: Async Thread exit
E/OMX-VENC-720p(  316): Deleting HANDLE[0xb7874460]
E/OMX-VENC-720p(  316): OMX_Venc:Component Deinit
E/OMX-VENC-720p(  316): In OMX Venc Destructor() for instance = 1
E/OMX-VENC-720p(  316): omx_video: Waiting on Msg Thread exit
E/OMX-VENC-720p(  316): omx_video: Waiting on Async Thread exit
E/OMX-VENC-720p(  316): Calling close() on venc ion device fd = 35
E/OMX-VENC-720p(  316): Successfully destroyed venc ionlock
E/OMX-VENC-720p(  316): m_etb_count = 0, m_fbd_count = 0
E/OMX-VENC-720p(  316): Exiting OMX Video Encoder ...
E/OMX-VENC-720p(  316): 
E/OMX-VENC-720p(  316):  Destroy C2D instance
E/OMX-VENC-720p(  316): 
E/OMX-VENC-720p(  316):  omx_video(): Inside Constructor()
E/OMX-VENC-720p(  316): Successfully opened venc ion device fd = 35
E/OMX-VENC-720p(  316): Successfully created venc ionlock
E/OMX-VENC-720p(  316): Venc instance = 1, ion device fd = 35
E/OMX-VENC-720p(  316): 
E/OMX-VENC-720p(  316):  omx_venc(): Inside component_init()
E/OMX-VENC-720p(  316): 
E/OMX-VENC-720p(  316):  Is component secure 0
E/OMX-VENC-720p(  316): 
E/OMX-VENC-720p(  316):  bool venc_dev::venc_open(OMX_U32)(): Init Profile/Level setting success
E/OMX-VENC-720p(  316): get_curr_perf_lvl = 0
E/OMX-VENC-720p(  316): Set bistream_restrict in vui: 1
E/OMX-VENC-720p(  316): 
E/OMX-VENC-720p(  316):  Component_init return value = 0x0
E/OMX-VENC-720p(  316): get_parameter: OMX_IndexParamVideoProfileLevelQuerySupported for Input port returned Profile:1, Level:2048
E/OMX-VENC-720p(  316): get_parameter: OMX_IndexParamVideoProfileLevelQuerySupported for Input port returned Profile:2, Level:2048
E/OMX-VENC-720p(  316): get_parameter: OMX_IndexParamVideoProfileLevelQuerySupported for Input port returned Profile:8, Level:2048
E/OMX-VENC-720p(  316): get_parameter: OMX_IndexParamVideoProfileLevelQuerySupported for Input port returned Profile:8, Level:2048
E/OMX-VENC-720p(  316): Invalid entry returned from get_supported_profile_level 8, 2048
E/OMX-VENC-720p(  316): 
E/OMX-VENC-720p(  316):  omx_venc(): Inside component_deinit()
E/OMX-VENC-720p(  316): Calling m_heap_ptr.clear()
E/OMX-VENC-720p(  316): Calling venc_close()
E/OMX-VENC-720p(  316): 
E/OMX-VENC-720p(  316):  venc_close(): Calling VEN_IOCTL_CMD_STOP_READ_MSG
E/LocSvc_afw(  910): W/get_extension: Invalid interface passed in
E/OMX-VENC-720p(  316): omx_venc: Async Thread exit
E/LocSvc_afw(  910): W/get_extension: Invalid interface passed in
E/LocSvc_afw(  910): W/get_extension: Invalid interface passed in
E/LocSvc_afw(  910): W/get_extension: Invalid interface passed in
E/OMX-VENC-720p(  316): Deleting HANDLE[0xb786f930]
E/OMX-VENC-720p(  316): OMX_Venc:Component Deinit
E/OMX-VENC-720p(  316): In OMX Venc Destructor() for instance = 1
E/OMX-VENC-720p(  316): omx_video: Waiting on Msg Thread exit
E/OMX-VENC-720p(  316): omx_video: Waiting on Async Thread exit
E/OMX-VENC-720p(  316): Calling close() on venc ion device fd = 35
E/OMX-VENC-720p(  316): Successfully destroyed venc ionlock
E/OMX-VENC-720p(  316): m_etb_count = 0, m_fbd_count = 0
E/OMX-VENC-720p(  316): Exiting OMX Video Encoder ...
E/OMX-VENC-720p(  316): 
E/OMX-VENC-720p(  316):  Destroy C2D instance
E/GpsLocationProvider(  910): no GPS configuration interface in configuraiton_update
E/QC_WMADEC(  316):  component init: role = OMX.qcom.audio.decoder.wma
E/QC_WMADEC(  316): COMPONENT DEINIT...
E/QC_WMADEC(  316): OMX WMA component destroyed
E/QC_WMADEC(  316):  component init: role = OMX.qcom.audio.decoder.wmaLossLess
E/QC_WMADEC(  316): COMPONENT DEINIT...
E/QC_WMADEC(  316): OMX WMA component destroyed
E/QC_WMADEC(  316):  component init: role = OMX.qcom.audio.decoder.wma10Pro
E/QC_WMADEC(  316): COMPONENT DEINIT...
E/QC_WMADEC(  316): OMX WMA component destroyed
E/OMX     (  316): FAILED to allocate omx component 'OMX.qcom.audio.decoder.amrwbplus'
E/OMX     (  316): FAILED to allocate omx component 'MP3Decoder'
E/OMX_QCELP13_DEC(  316): COMPONENT INIT OMX.qcom.audio.decoder.Qcelp13
E/OMX_QCELP13_DEC(  316): COMPONENT DEINIT 
E/OMX_EVRC_DEC(  316): COMPONENT INIT OMX.qcom.audio.decoder.evrc
E/OMX_EVRC_DEC(  316): COMPONENT DEINIT
E/OMX-VDEC-1080P(  316): In OMX vdec Constructor
E/OMX-VDEC-1080P(  316): vidc.dec.debug.ts value is 0
E/OMX-VDEC-1080P(  316): vidc.dec.debug.concealedmb value is 0
E/OMX-VDEC-1080P(  316): vidc.dec.debug.extradata value is 0
E/OMX-VDEC-1080P(  316): Successfully opened vdec ion devicefd = 35
E/OMX-VDEC-1080P(  316): Successfully created vdec ionlock
E/OMX-VDEC-1080P(  316): Vdec instances = 1, ion device fd = 35
E/OMX-VDEC-1080P(  316): omx_vdec::component_init(): Start of New Playback : role  = OMX.qcom.video.decoder.vc1 : DEVICE = /dev/msm_vidc_dec
E/OMX-VDEC-1080P(  316): omx_vdec::component_init(): Open returned fd 37, errno 2
E/OMX-VDEC-1080P(  316): component_init: current performance level = 0 
E/OMX-VDEC-1080P(  316): omx_vdec::component_init() success
E/OMX-VDEC-1080P(  316): get_parameter: OMX_IndexParamVideoProfileLevelQuerySupported ret NoMore
E/OMX-VDEC-1080P(  316): Get_parameter: OMX_IndexParamVideoPortFormat: nPortIndex (1), nIndex (0), eCompressionFormat (0x0), eColorFormat (0x7fa30c03), xFramerate (0xb6ec596d)
E/OMX-VDEC-1080P(  316): Extension: OMX.google.android.index.describeColorFormat not implemented
E/OMX-VDEC-1080P(  316): Get_parameter: OMX_IndexParamVideoPortFormat: nPortIndex (1), nIndex (1), eCompressionFormat (0x0), eColorFormat (0x15), xFramerate (0xb6ec596d)
E/OMX-VDEC-1080P(  316): Extension: OMX.google.android.index.describeColorFormat not implemented
E/OMX-VDEC-1080P(  316): Get_parameter: OMX_IndexParamVideoPortFormat: nPortIndex (1), nIndex (2), eCompressionFormat (0x0), eColorFormat (0x13), xFramerate (0xb6ec596d)
E/OMX-VDEC-1080P(  316): Extension: OMX.google.android.index.describeColorFormat not implemented
E/OMX-VDEC-1080P(  316): Get_parameter: OMX_IndexParamVideoPortFormat: nPortIndex (1), nIndex (3), eCompressionFormat (0x0), eColorFormat (0x13), xFramerate (0xb6ec596d)
E/OMX-VDEC-1080P(  316): Extension: OMX.google.android.index.storeMetaDataInBuffers not implemented
E/OMXNodeInstance(  316): getExtensionIndex(17:qcom.decoder.vc1, OMX.google.android.index.storeMetaDataInBuffers) ERROR: NotImplemented(0x80001006)
E/OMX-VDEC-1080P(  316): set_parameter: OMX_GoogleAndroidIndexPrepareForAdaptivePlayback
E/OMX-VDEC-1080P(  316): Enabling Adaptive playback for 1280 x 720
E/OMX-VDEC-1080P(  316): Playback Ended - PASSED
E/OMX-VDEC-1080P(  316): omx_vdec: message thread start
E/OMX-VDEC-1080P(  316): ALL output buffers are freed/released
E/OMX-VDEC-1080P(  316): Calling VDEC_IOCTL_STOP_NEXT_MSG
E/OMX-VDEC-1080P(  316): omx_vdec::component_deinit() complete
E/OMX-VDEC-1080P(  316): In OMX Vdec Destructor(), Vdec instances = 1
E/OMX-VDEC-1080P(  316): Waiting on OMX Msg Thread exit
E/OMX-VDEC-1080P(  316): omx_vdec: Async thread start
E/OMX-VDEC-1080P(  316): 
E/OMX-VDEC-1080P(  316):  Error in ioctl read next msg
E/OMX-VDEC-1080P(  316): omx_vdec: Async thread stop
E/OMX-VDEC-1080P(  316): omx_vdec: message thread stop
E/OMX-VDEC-1080P(  316): Waiting on OMX Async Thread exit
E/OMX-VDEC-1080P(  316): Calling close() on Video Driver
E/LocationManagerService(  910): Unable to bind FusedProxy.
E/ActivityRecognitionHardware(  910): Error hw_get_module: -2
E/QMI_FW  (  910): QMUXD: Service_id=16 not found over conn_id=0
E/LocationManagerService(  910): Unable to bind FLP Geofence proxy.
E/LocationManagerService(  910): Hardware Activity-Recognition not supported.
E/OMX-VDEC-1080P(  316): Calling close() on vdec ion devicefd = 35
E/OMX-VDEC-1080P(  316): Successfully destroyed vdec ionlock
E/OMX-VDEC-1080P(  316): Exit OMX vdec Destructor
E/        (  316): 
E/        (  316):  Destroy C2D instance
E/        (  316): 
E/        (  316):  Destroy C2D instance
E/OMX-VDEC-1080P(  316): In OMX vdec Constructor
E/OMX-VDEC-1080P(  316): vidc.dec.debug.ts value is 0
E/OMX-VDEC-1080P(  316): vidc.dec.debug.concealedmb value is 0
E/OMX-VDEC-1080P(  316): vidc.dec.debug.extradata value is 0
E/OMX-VDEC-1080P(  316): Successfully opened vdec ion devicefd = 35
E/OMX-VDEC-1080P(  316): Successfully created vdec ionlock
E/OMX-VDEC-1080P(  316): Vdec instances = 1, ion device fd = 35
E/OMX-VDEC-1080P(  316): omx_vdec::component_init(): Start of New Playback : role  = OMX.qcom.video.decoder.divx : DEVICE = /dev/msm_vidc_dec
E/QMI_FW  (  910): QMUXD: Service_id=16 not found over conn_id=37
E/QMI_FW  (  910): QMUXD: Service_id=16 not found over conn_id=0
E/QMI_FW  (  910): QMUXD: Service_id=16 not found over conn_id=37
E/QMI_FW  (  910): QMUXD: Service_id=16 not found over conn_id=0
E/OMX-VDEC-1080P(  316): omx_vdec::component_init(): Open returned fd 37, errno 0
E/OMX-VDEC-1080P(  316): component_init: current performance level = 0 
E/OMX-VDEC-1080P(  316): DIVX 5/6 Decoder selected
E/DivXDrmDecrypt(  316): Failed to open DIVX_DRM_SHIM_LIB 
E/OMX-VDEC-1080P(  316): 
E/OMX-VDEC-1080P(  316): Unable to Create DIVX DRM
E/OMX-VDEC-1080P(  316): createDivxDrmContext Failed
E/OMX-VDEC-1080P(  316): In OMX Vdec Destructor(), Vdec instances = 1
E/OMX-VDEC-1080P(  316): Calling close() on Video Driver
E/QMI_FW  (  910): QMUXD: Service_id=16 not found over conn_id=37
E/OMX-VDEC-1080P(  316): Calling close() on vdec ion devicefd = 35
E/OMX-VDEC-1080P(  316): Successfully destroyed vdec ionlock
E/OMX-VDEC-1080P(  316): Exit OMX vdec Destructor
E/        (  316): 
E/        (  316):  Destroy C2D instance
E/        (  316): 
E/        (  316):  Destroy C2D instance
E/OMX     (  316): FAILED to allocate omx component 'OMX.qcom.video.decoder.divx'
E/OMX-VDEC-1080P(  316): In OMX vdec Constructor
E/OMX-VDEC-1080P(  316): vidc.dec.debug.ts value is 0
E/OMX-VDEC-1080P(  316): vidc.dec.debug.concealedmb value is 0
E/OMX-VDEC-1080P(  316): vidc.dec.debug.extradata value is 0
E/OMX-VDEC-1080P(  316): Successfully opened vdec ion devicefd = 35
E/OMX-VDEC-1080P(  316): Successfully created vdec ionlock
E/OMX-VDEC-1080P(  316): Vdec instances = 1, ion device fd = 35
E/OMX-VDEC-1080P(  316): omx_vdec::component_init(): Start of New Playback : role  = OMX.qcom.video.decoder.divx311 : DEVICE = /dev/msm_vidc_dec
E/QMI_FW  (  910): QMUXD: Service_id=16 not found over conn_id=0
E/QMI_FW  (  910): QMUXD: Service_id=16 not found over conn_id=37
E/QMI_FW  (  910): QMUXD: Service_id=16 not found over conn_id=0
E/OMX-VDEC-1080P(  316): omx_vdec::component_init(): Open returned fd 37, errno 2
E/OMX-VDEC-1080P(  316): component_init: current performance level = 0 
E/OMX-VDEC-1080P(  316): 
E/OMX-VDEC-1080P(  316): Unable to Create DIVX DRM
E/OMX-VDEC-1080P(  316): createDivxDrmContext Failed
E/OMX-VDEC-1080P(  316): In OMX Vdec Destructor(), Vdec instances = 1
E/OMX-VDEC-1080P(  316): Calling close() on Video Driver
E/QMI_FW  (  910): QMUXD: Service_id=16 not found over conn_id=37
E/OMX-VDEC-1080P(  316): Calling close() on vdec ion devicefd = 35
E/OMX-VDEC-1080P(  316): Successfully destroyed vdec ionlock
E/OMX-VDEC-1080P(  316): Exit OMX vdec Destructor
E/        (  316): 
E/        (  316):  Destroy C2D instance
E/        (  316): 
E/        (  316):  Destroy C2D instance
E/OMX     (  316): FAILED to allocate omx component 'OMX.qcom.video.decoder.divx311'
E/QMI_FW  (  910): QMUXD: Service_id=16 not found over conn_id=0
E/OMX-VDEC-1080P(  316): In OMX vdec Constructor
E/OMX-VDEC-1080P(  316): vidc.dec.debug.ts value is 0
E/OMX-VDEC-1080P(  316): vidc.dec.debug.concealedmb value is 0
E/OMX-VDEC-1080P(  316): vidc.dec.debug.extradata value is 0
E/OMX-VDEC-1080P(  316): Successfully opened vdec ion devicefd = 35
E/OMX-VDEC-1080P(  316): Successfully created vdec ionlock
E/OMX-VDEC-1080P(  316): Vdec instances = 1, ion device fd = 35
E/OMX-VDEC-1080P(  316): omx_vdec::component_init(): Start of New Playback : role  = OMX.qcom.video.decoder.divx4 : DEVICE = /dev/msm_vidc_dec
E/QMI_FW  (  910): QMUXD: Service_id=16 not found over conn_id=37
E/QMI_FW  (  910): QMUXD: Service_id=16 not found over conn_id=0
E/OMX-VDEC-1080P(  316): omx_vdec::component_init(): Open returned fd 37, errno 2
E/OMX-VDEC-1080P(  316): component_init: current performance level = 0 
E/OMX-VDEC-1080P(  316): DIVX 4 Decoder selected
E/OMX-VDEC-1080P(  316): 
E/OMX-VDEC-1080P(  316): Unable to Create DIVX DRM
E/OMX-VDEC-1080P(  316): createDivxDrmContext Failed
E/OMX-VDEC-1080P(  316): In OMX Vdec Destructor(), Vdec instances = 1
E/OMX-VDEC-1080P(  316): Calling close() on Video Driver
E/QMI_FW  (  910): QMUXD: Service_id=16 not found over conn_id=37
E/QMI_FW  (  910): QMUXD: Service_id=16 not found over conn_id=0
E/QMI_FW  (  910): QMUXD: Service_id=16 not found over conn_id=37
E/OMX-VDEC-1080P(  316): Calling close() on vdec ion devicefd = 35
E/OMX-VDEC-1080P(  316): Successfully destroyed vdec ionlock
E/OMX-VDEC-1080P(  316): Exit OMX vdec Destructor
E/        (  316): 
E/        (  316):  Destroy C2D instance
E/        (  316): 
E/        (  316):  Destroy C2D instance
E/OMX     (  316): FAILED to allocate omx component 'OMX.qcom.video.decoder.divx4'
E/OMX-VDEC-1080P(  316): In OMX vdec Constructor
E/OMX-VDEC-1080P(  316): vidc.dec.debug.ts value is 0
E/OMX-VDEC-1080P(  316): vidc.dec.debug.concealedmb value is 0
E/OMX-VDEC-1080P(  316): vidc.dec.debug.extradata value is 0
E/OMX-VDEC-1080P(  316): Successfully opened vdec ion devicefd = 35
E/OMX-VDEC-1080P(  316): Successfully created vdec ionlock
E/OMX-VDEC-1080P(  316): Vdec instances = 1, ion device fd = 35
E/OMX-VDEC-1080P(  316): omx_vdec::component_init(): Start of New Playback : role  = OMX.qcom.video.decoder.avc : DEVICE = /dev/msm_vidc_dec
E/QMI_FW  (  910): QMUXD: Service_id=16 not found over conn_id=0
E/OMX-VDEC-1080P(  316): omx_vdec::component_init(): Open returned fd 37, errno 2
E/OMX-VDEC-1080P(  316): component_init: current performance level = 0 
E/OMX-VDEC-1080P(  316): omx_vdec: message thread start
E/OMX-VDEC-1080P(  316): omx_vdec::component_init() success
E/OMX-VDEC-1080P(  316): omx_vdec: Async thread start
E/OMX-VDEC-1080P(  316): get_parameter: OMX_IndexParamVideoProfileLevelQuerySupported nProfileIndex ret NoMore 3
E/OMX-VDEC-1080P(  316): Get_parameter: OMX_IndexParamVideoPortFormat: nPortIndex (1), nIndex (0), eCompressionFormat (0x0), eColorFormat (0x7fa30c03), xFramerate (0xb6ec596d)
E/OMX-VDEC-1080P(  316): Extension: OMX.google.android.index.describeColorFormat not implemented
E/OMX-VDEC-1080P(  316): Get_parameter: OMX_IndexParamVideoPortFormat: nPortIndex (1), nIndex (1), eCompressionFormat (0x0), eColorFormat (0x15), xFramerate (0xb6ec596d)
E/OMX-VDEC-1080P(  316): Extension: OMX.google.android.index.describeColorFormat not implemented
E/OMX-VDEC-1080P(  316): Get_parameter: OMX_IndexParamVideoPortFormat: nPortIndex (1), nIndex (2), eCompressionFormat (0x0), eColorFormat (0x13), xFramerate (0xb6ec596d)
E/OMX-VDEC-1080P(  316): Extension: OMX.google.android.index.describeColorFormat not implemented
E/OMX-VDEC-1080P(  316): Get_parameter: OMX_IndexParamVideoPortFormat: nPortIndex (1), nIndex (3), eCompressionFormat (0x0), eColorFormat (0x13), xFramerate (0xb6ec596d)
E/OMX-VDEC-1080P(  316): Extension: OMX.google.android.index.storeMetaDataInBuffers not implemented
E/OMXNodeInstance(  316): getExtensionIndex(18:qcom.decoder.avc, OMX.google.android.index.storeMetaDataInBuffers) ERROR: NotImplemented(0x80001006)
E/OMX-VDEC-1080P(  316): set_parameter: OMX_GoogleAndroidIndexPrepareForAdaptivePlayback
E/OMX-VDEC-1080P(  316): Enabling Adaptive playback for 1280 x 720
E/OMX-VDEC-1080P(  316): Playback Ended - PASSED
E/OMX-VDEC-1080P(  316): ALL output buffers are freed/released
E/OMX-VDEC-1080P(  316): Calling VDEC_IOCTL_STOP_NEXT_MSG
E/OMX-VDEC-1080P(  316): omx_vdec::component_deinit() complete
E/OMX-VDEC-1080P(  316): In OMX Vdec Destructor(), Vdec instances = 1
E/OMX-VDEC-1080P(  316): Waiting on OMX Msg Thread exit
E/OMX-VDEC-1080P(  316): omx_vdec: message thread stop
E/OMX-VDEC-1080P(  316): Waiting on OMX Async Thread exit
E/OMX-VDEC-1080P(  316): 
E/OMX-VDEC-1080P(  316):  Error in ioctl read next msg
E/OMX-VDEC-1080P(  316): omx_vdec: Async thread stop
E/OMX-VDEC-1080P(  316): Calling close() on Video Driver
E/QMI_FW  (  910): QMUXD: Service_id=16 not found over conn_id=37
E/QMI_FW  (  910): QMUXD: Service_id=16 not found over conn_id=0
E/QMI_FW  (  910): QMUXD: Service_id=16 not found over conn_id=37
E/OMX-VDEC-1080P(  316): Calling close() on vdec ion devicefd = 35
E/OMX-VDEC-1080P(  316): Successfully destroyed vdec ionlock
E/OMX-VDEC-1080P(  316): Exit OMX vdec Destructor
E/        (  316): 
E/        (  316):  Destroy C2D instance
E/        (  316): 
E/        (  316):  Destroy C2D instance
E/OMX-VDEC-1080P(  316): In OMX vdec Constructor
E/OMX-VDEC-1080P(  316): vidc.dec.debug.ts value is 0
E/OMX-VDEC-1080P(  316): vidc.dec.debug.concealedmb value is 0
E/OMX-VDEC-1080P(  316): vidc.dec.debug.extradata value is 0
E/OMX-VDEC-1080P(  316): Successfully opened vdec ion devicefd = 35
E/OMX-VDEC-1080P(  316): Successfully created vdec ionlock
E/OMX-VDEC-1080P(  316): Vdec instances = 1, ion device fd = 35
E/OMX-VDEC-1080P(  316): omx_vdec::component_init(): Start of New Playback : role  = OMX.qcom.video.decoder.mpeg2 : DEVICE = /dev/msm_vidc_dec
E/OMX-VDEC-1080P(  316): omx_vdec::component_init(): Open returned fd 37, errno 0
E/OMX-VDEC-1080P(  316): component_init: current performance level = 0 
E/OMX-VDEC-1080P(  316): omx_vdec: message thread start
E/OMX-VDEC-1080P(  316): omx_vdec::component_init() success
E/OMX-VDEC-1080P(  316): omx_vdec: Async thread start
E/OMX-VDEC-1080P(  316): get_parameter: OMX_IndexParamVideoProfileLevelQuerySupported nProfileIndex ret NoMore 2
E/OMX-VDEC-1080P(  316): Get_parameter: OMX_IndexParamVideoPortFormat: nPortIndex (1), nIndex (0), eCompressionFormat (0x0), eColorFormat (0x7fa30c03), xFramerate (0xb6ec596d)
E/OMX-VDEC-1080P(  316): Extension: OMX.google.android.index.describeColorFormat not implemented
E/OMX-VDEC-1080P(  316): Get_parameter: OMX_IndexParamVideoPortFormat: nPortIndex (1), nIndex (1), eCompressionFormat (0x0), eColorFormat (0x15), xFramerate (0xb6ec596d)
E/OMX-VDEC-1080P(  316): Extension: OMX.google.android.index.describeColorFormat not implemented
E/OMX-VDEC-1080P(  316): Get_parameter: OMX_IndexParamVideoPortFormat: nPortIndex (1), nIndex (2), eCompressionFormat (0x0), eColorFormat (0x13), xFramerate (0xb6ec596d)
E/OMX-VDEC-1080P(  316): Extension: OMX.google.android.index.describeColorFormat not implemented
E/OMX-VDEC-1080P(  316): Get_parameter: OMX_IndexParamVideoPortFormat: nPortIndex (1), nIndex (3), eCompressionFormat (0x0), eColorFormat (0x13), xFramerate (0xb6ec596d)
E/OMX-VDEC-1080P(  316): Extension: OMX.google.android.index.storeMetaDataInBuffers not implemented
E/OMXNodeInstance(  316): getExtensionIndex(19:qcom.decoder.mpeg2, OMX.google.android.index.storeMetaDataInBuffers) ERROR: NotImplemented(0x80001006)
E/OMX-VDEC-1080P(  316): set_parameter: OMX_GoogleAndroidIndexPrepareForAdaptivePlayback
E/OMX-VDEC-1080P(  316): Enabling Adaptive playback for 1280 x 720
E/OMX-VDEC-1080P(  316): Playback Ended - PASSED
E/OMX-VDEC-1080P(  316): ALL output buffers are freed/released
E/OMX-VDEC-1080P(  316): Calling VDEC_IOCTL_STOP_NEXT_MSG
E/OMX-VDEC-1080P(  316): omx_vdec::component_deinit() complete
E/OMX-VDEC-1080P(  316): In OMX Vdec Destructor(), Vdec instances = 1
E/OMX-VDEC-1080P(  316): 
E/OMX-VDEC-1080P(  316):  Error in ioctl read next msg
E/OMX-VDEC-1080P(  316): omx_vdec: Async thread stop
E/OMX-VDEC-1080P(  316): Waiting on OMX Msg Thread exit
E/OMX-VDEC-1080P(  316): omx_vdec: message thread stop
E/OMX-VDEC-1080P(  316): Waiting on OMX Async Thread exit
E/OMX-VDEC-1080P(  316): Calling close() on Video Driver
E/OMX-VDEC-1080P(  316): Calling close() on vdec ion devicefd = 35
E/OMX-VDEC-1080P(  316): Successfully destroyed vdec ionlock
E/OMX-VDEC-1080P(  316): Exit OMX vdec Destructor
E/        (  316): 
E/        (  316):  Destroy C2D instance
E/        (  316): 
E/        (  316):  Destroy C2D instance
E/OMX-VDEC-1080P(  316): In OMX vdec Constructor
E/OMX-VDEC-1080P(  316): vidc.dec.debug.ts value is 0
E/OMX-VDEC-1080P(  316): vidc.dec.debug.concealedmb value is 0
E/OMX-VDEC-1080P(  316): vidc.dec.debug.extradata value is 0
E/OMX-VDEC-1080P(  316): Successfully opened vdec ion devicefd = 35
E/OMX-VDEC-1080P(  316): Successfully created vdec ionlock
E/OMX-VDEC-1080P(  316): Vdec instances = 1, ion device fd = 35
E/OMX-VDEC-1080P(  316): omx_vdec::component_init(): Start of New Playback : role  = OMX.qcom.video.decoder.mpeg4 : DEVICE = /dev/msm_vidc_dec
E/OMX-VDEC-1080P(  316): omx_vdec::component_init(): Open returned fd 37, errno 0
E/OMX-VDEC-1080P(  316): component_init: current performance level = 0 
E/OMX-VDEC-1080P(  316): omx_vdec: message thread start
E/OMX-VDEC-1080P(  316): omx_vdec::component_init() success
E/OMX-VDEC-1080P(  316): omx_vdec: Async thread start
E/OMX-VDEC-1080P(  316): get_parameter: OMX_IndexParamVideoProfileLevelQuerySupported nProfileIndex ret NoMore 2
E/OMX-VDEC-1080P(  316): Get_parameter: OMX_IndexParamVideoPortFormat: nPortIndex (1), nIndex (0), eCompressionFormat (0x0), eColorFormat (0x7fa30c03), xFramerate (0xb6ec596d)
E/OMX-VDEC-1080P(  316): Extension: OMX.google.android.index.describeColorFormat not implemented
E/OMX-VDEC-1080P(  316): Get_parameter: OMX_IndexParamVideoPortFormat: nPortIndex (1), nIndex (1), eCompressionFormat (0x0), eColorFormat (0x15), xFramerate (0xb6ec596d)
E/OMX-VDEC-1080P(  316): Extension: OMX.google.android.index.describeColorFormat not implemented
E/OMX-VDEC-1080P(  316): Get_parameter: OMX_IndexParamVideoPortFormat: nPortIndex (1), nIndex (2), eCompressionFormat (0x0), eColorFormat (0x13), xFramerate (0xb6ec596d)
E/OMX-VDEC-1080P(  316): Extension: OMX.google.android.index.describeColorFormat not implemented
E/OMX-VDEC-1080P(  316): Get_parameter: OMX_IndexParamVideoPortFormat: nPortIndex (1), nIndex (3), eCompressionFormat (0x0), eColorFormat (0x13), xFramerate (0xb6ec596d)
E/OMX-VDEC-1080P(  316): Extension: OMX.google.android.index.storeMetaDataInBuffers not implemented
E/OMXNodeInstance(  316): getExtensionIndex(1a:qcom.decoder.mpeg4, OMX.google.android.index.storeMetaDataInBuffers) ERROR: NotImplemented(0x80001006)
E/OMX-VDEC-1080P(  316): set_parameter: OMX_GoogleAndroidIndexPrepareForAdaptivePlayback
E/OMX-VDEC-1080P(  316): Enabling Adaptive playback for 1280 x 720
E/OMX-VDEC-1080P(  316): Playback Ended - PASSED
E/OMX-VDEC-1080P(  316): ALL output buffers are freed/released
E/OMX-VDEC-1080P(  316): Calling VDEC_IOCTL_STOP_NEXT_MSG
E/OMX-VDEC-1080P(  316): omx_vdec::component_deinit() complete
E/OMX-VDEC-1080P(  316): 
E/OMX-VDEC-1080P(  316):  Error in ioctl read next msg
E/OMX-VDEC-1080P(  316): omx_vdec: Async thread stop
E/OMX-VDEC-1080P(  316): In OMX Vdec Destructor(), Vdec instances = 1
E/OMX-VDEC-1080P(  316): Waiting on OMX Msg Thread exit
E/OMX-VDEC-1080P(  316): omx_vdec: message thread stop
E/OMX-VDEC-1080P(  316): Waiting on OMX Async Thread exit
E/OMX-VDEC-1080P(  316): Calling close() on Video Driver
E/OMX-VDEC-1080P(  316): Calling close() on vdec ion devicefd = 35
E/OMX-VDEC-1080P(  316): Successfully destroyed vdec ionlock
E/OMX-VDEC-1080P(  316): Exit OMX vdec Destructor
E/        (  316): 
E/        (  316):  Destroy C2D instance
E/        (  316): 
E/        (  316):  Destroy C2D instance
E/OMX-VDEC-1080P(  316): In OMX vdec Constructor
E/OMX-VDEC-1080P(  316): vidc.dec.debug.ts value is 0
E/OMX-VDEC-1080P(  316): vidc.dec.debug.concealedmb value is 0
E/OMX-VDEC-1080P(  316): vidc.dec.debug.extradata value is 0
E/OMX-VDEC-1080P(  316): Successfully opened vdec ion devicefd = 35
E/OMX-VDEC-1080P(  316): Successfully created vdec ionlock
E/OMX-VDEC-1080P(  316): Vdec instances = 1, ion device fd = 35
E/OMX-VDEC-1080P(  316): omx_vdec::component_init(): Start of New Playback : role  = OMX.qcom.video.decoder.h263 : DEVICE = /dev/msm_vidc_dec
E/OMX-VDEC-1080P(  316): omx_vdec::component_init(): Open returned fd 37, errno 0
E/OMX-VDEC-1080P(  316): component_init: current performance level = 0 
E/OMX-VDEC-1080P(  316): omx_vdec: message thread start
E/OMX-VDEC-1080P(  316): omx_vdec::component_init() success
E/OMX-VDEC-1080P(  316): omx_vdec: Async thread start
E/OMX-VDEC-1080P(  316): get_parameter: OMX_IndexParamVideoProfileLevelQuerySupported nProfileIndex ret NoMore 1
E/OMX-VDEC-1080P(  316): Get_parameter: OMX_IndexParamVideoPortFormat: nPortIndex (1), nIndex (0), eCompressionFormat (0x0), eColorFormat (0x7fa30c03), xFramerate (0xb6ec596d)
E/OMX-VDEC-1080P(  316): Extension: OMX.google.android.index.describeColorFormat not implemented
E/OMX-VDEC-1080P(  316): Get_parameter: OMX_IndexParamVideoPortFormat: nPortIndex (1), nIndex (1), eCompressionFormat (0x0), eColorFormat (0x15), xFramerate (0xb6ec596d)
E/OMX-VDEC-1080P(  316): Extension: OMX.google.android.index.describeColorFormat not implemented
E/OMX-VDEC-1080P(  316): Get_parameter: OMX_IndexParamVideoPortFormat: nPortIndex (1), nIndex (2), eCompressionFormat (0x0), eColorFormat (0x13), xFramerate (0xb6ec596d)
E/OMX-VDEC-1080P(  316): Extension: OMX.google.android.index.describeColorFormat not implemented
E/OMX-VDEC-1080P(  316): Get_parameter: OMX_IndexParamVideoPortFormat: nPortIndex (1), nIndex (3), eCompressionFormat (0x0), eColorFormat (0x13), xFramerate (0xb6ec596d)
E/OMX-VDEC-1080P(  316): Extension: OMX.google.android.index.storeMetaDataInBuffers not implemented
E/OMXNodeInstance(  316): getExtensionIndex(1b:qcom.decoder.h263, OMX.google.android.index.storeMetaDataInBuffers) ERROR: NotImplemented(0x80001006)
E/OMX-VDEC-1080P(  316): set_parameter: OMX_GoogleAndroidIndexPrepareForAdaptivePlayback
E/OMX-VDEC-1080P(  316): Enabling Adaptive playback for 1280 x 720
E/OMX-VDEC-1080P(  316): Playback Ended - PASSED
E/OMX-VDEC-1080P(  316): ALL output buffers are freed/released
E/OMX-VDEC-1080P(  316): Calling VDEC_IOCTL_STOP_NEXT_MSG
E/OMX-VDEC-1080P(  316): omx_vdec::component_deinit() complete
E/OMX-VDEC-1080P(  316): In OMX Vdec Destructor(), Vdec instances = 1
E/OMX-VDEC-1080P(  316): 
E/OMX-VDEC-1080P(  316):  Error in ioctl read next msg
E/OMX-VDEC-1080P(  316): Waiting on OMX Msg Thread exit
E/OMX-VDEC-1080P(  316): omx_vdec: Async thread stop
E/OMX-VDEC-1080P(  316): omx_vdec: message thread stop
E/OMX-VDEC-1080P(  316): Waiting on OMX Async Thread exit
E/OMX-VDEC-1080P(  316): Calling close() on Video Driver
E/OMX-VDEC-1080P(  316): Calling close() on vdec ion devicefd = 35
E/OMX-VDEC-1080P(  316): Successfully destroyed vdec ionlock
E/OMX-VDEC-1080P(  316): Exit OMX vdec Destructor
E/        (  316): 
E/        (  316):  Destroy C2D instance
E/        (  316): 
E/        (  316):  Destroy C2D instance
E/OMXNodeInstance(  316): setParameter(1e:dolby.ec3_joc.decoder, ParamStandardComponentRole(0x1000017)) ERROR: Undefined(0x80001001)
E/PhoneUtils( 1378): Get Mz Phone IMEI null
E/PhoneUtils( 1378): Get Mz Phone SN de0790f4XXX
E/CloudApplication( 1378): [onCreate] application onCreate
E/WiredAccessoryManager(  910): No state change.
E/AudioPolicyManager(  316): unknown stream type 13
E/AudioPolicyManager(  316): unknown stream type 13
E/AudioPolicyManager(  316): unknown stream type 13
E/AudioPolicyManager(  316): unknown stream type 13
E/AudioPolicyManager(  316): unknown stream type 13
E/AudioPolicyManager(  316): unknown stream type 13
E/AudioPolicyManager(  316): unknown stream type 13
E/AudioPolicyManager(  316): unknown stream type 13
E/AudioPolicyManager(  316): unknown stream type 13
E/AudioPolicyManager(  316): unknown stream type 13
E/AudioPolicyManager(  316): unknown stream type 13
E/AudioPolicyManager(  316): unknown stream type 13
E/AudioPolicyManager(  316): unknown stream type 13
E/AudioPolicyManager(  316): unknown stream type 13
E/AudioPolicyManager(  316): unknown stream type 13
E/AudioPolicyManager(  316): unknown stream type 13
E/AudioPolicyManager(  316): unknown stream type 13
E/android_hardware_fm( 1680): FM : loading QCOMM FM-JNI
E/DcSwitchStateMachine-0( 1422): DctController is not ready
E/ConnectivityService(  910): Failed to find Messenger in unregisterNetworkFactory
E/qcom_sensors_hal(  910): hal_process_report_ind: Bad item quality: 11 
E/flymed_connector(  910): Communications error: java.io.IOException: No such file or directory
E/flymed_connector(  910): Error in NativeDaemonConnector: java.io.IOException: No such file or directory
E/MediaPlayer-JNI( 1775): QCMediaPlayer mediaplayer NOT present
E/BluetoothA2dpSink( 1121): Could not bind to Bluetooth A2DP Service with Intent { act=android.bluetooth.IBluetoothA2dpSink }
E/BluetoothAvrcpController( 1121): Could not bind to Bluetooth AVRCP Controller Service with Intent { act=android.bluetooth.IBluetoothAvrcpController }
E/BluetoothHeadsetClient( 1121): Could not bind to Bluetooth Headset Client Service with Intent { act=android.bluetooth.IBluetoothHeadsetClient }
E/NetworkController( 1121): Cannot find controller for voice sub: 2147483643
E/QualcommCamera(  316): Qint android::get_camera_info(int, camera_info*): E
E/QualcommCamera(  316): Qint android::get_camera_info(int, camera_info*): E
E/QualcommCamera(  316): Qint android::get_camera_info(int, camera_info*): E
E/PhoneUtils( 1378): Get Mz Phone IMEI null
E/SambaConnector(  910): Communications error: java.io.IOException: No such file or directory
E/SambaConnector(  910): Error in NativeDaemonConnector: java.io.IOException: No such file or directory
E/SambaClientConnector(  910): Communications error: java.io.IOException: No such file or directory
E/SambaClientConnector(  910): Error in NativeDaemonConnector: java.io.IOException: No such file or directory
E/mm-camera(  305): imx135_process_start
E/mm-camera(  305): AWB CALI rg:0x0000, bg:0000 rb:0000
E/mm-camera(  305): sensor_load_chromatix: libchromatix_imx135_preview.so: 30
E/mm-camera(  305): imx135_awb_calibration factory r:0.000000 b:0.000000 g:0.000000
E/mm-libcamera2(  316): mm_camera_open:  ctrl_fd = 33
E/mm-libcamera2(  316): Errno:0
E/mm-libcamera2(  316): mm_camera_open:  opened, break out while loop
E/mm-libcamera2(  316): mm_camera_open:  after while loop
E/mm-libcamera2(  316): mm_camera_open:  2
E/mm-libcamera2(  316): mm_camera_open:  ds_fd = 35
E/mm-libcamera2(  316): Errno:0
E/mm-libcamera2(  316): mm_camera_open:  opened, break out while loop
E/mm-libcamera2(  316): mm_camera_open:  after while loop for domain socket open
E/mm-libcamera2(  316): mm_camera_poll_thread_launch: ch_type = 0, poll_type = 1, read fd = 36, write fd = 37
E/mm-libcamera2(  316): mm_camera_poll_thread_launch: ch_type = 1, poll_type = 1, read fd = 38, write fd = 39
E/mm-libcamera2(  316): mm_camera_poll_thread_launch: ch_type = 2, poll_type = 1, read fd = 40, write fd = 41
E/mm-libcamera2(  316): mm_camera_poll_thread_launch: ch_type = 3, poll_type = 1, read fd = 42, write fd = 43
E/mm-libcamera2(  316): mm_camera_poll_thread_launch: ch_type = 4, poll_type = 1, read fd = 44, write fd = 45
E/mm-libcamera2(  316): mm_camera_poll_thread_launch: ch_type = 5, poll_type = 0, read fd = 46, write fd = 47
E/QCameraHWI_Parm(  316): void android::QCameraHardwareInterface::loadTables(): E
E/QCameraHWI_Parm(  316): void android::QCameraHardwareInterface::loadTables(): X
E/QCameraHWI_Parm(  316): android::status_t android::QCameraHardwareInterface::setVideoSizeTable(): E
E/QCameraHWI_Parm(  316): android::status_t android::QCameraHardwareInterface::setVideoSizeTable(): X
E/QCameraHWI_Parm(  316): set parms : type : 3 Value : 71305088
E/mm-camera(  305): ISPIF_client_open: client_idx = 0, handle = 0x100
E/mm-camera(  305): ispif_parse_handle: handle = 0x100, client_idx = 0
E/mm-camera(  305): ispif_client_init ops->fd = 15
E/mm-camera(  305): ispif_client_set_params: parm type =8
E/mm-camera(  305): ispif_parse_handle: handle = 0x100, client_idx = 0
E/mm-camera(  305): ispif_client_set_params: parm type =0
E/mm-camera(  305): ispif_parse_handle: handle = 0x100, client_idx = 0
E/mm-camera(  305): sensor_client_get_params sensor_csi_params = 0xb7ca0368
E/mm-camera(  305): ispif_client_set_params: channel stream mask 0
E/mm-camera(  305): ispif_client_process: event type =2
E/mm-camera(  305): ispif_parse_handle: handle = 0x100, client_idx = 0
E/mm-camera(  305): ispif_process_init called
E/mm-camera(  305): ispif_process_init csid_version = 2000011
E/mm-camera(  305): ispif_client_process: event type =3
E/mm-camera(  305): ispif_parse_handle: handle = 0x100, client_idx = 0
E/mm-camera(  305): ispif_process_cfg called
E/mm-camera(  305): ispif_client_get_params: parm type =1
E/mm-camera(  305): ispif_parse_handle: handle = 0x100, client_idx = 0
E/mm-camera(  305): af_actuator kernel returned 2
E/mm-camera(  305): mctl_init_stats_proc_info: snap_max_line_cnt =75408
E/QCameraHWI_Parm(  316): max sensor fps range after correction = (0.000000, -0.000000)
E/QCameraHWI_Parm(  316): Max Zoom:60
E/QCameraHWI_Parm(  316): Zoom supported:1
E/QCameraHWI_Parm(  316): max zoom is 59
E/mm-camera(  305): config_proc_CAMERA_GET_PARM_FOCAL_LENGTH Focal length of the sensor = 3.850000 
E/mm-camera(  305): config_proc_CAMERA_GET_PARM_HORIZONTAL_VIEW_ANGLE Horizontal view angle of the sensor = 62.400002 
